[    0.000000] ACPI: LAPIC_NMI (acpi_id[0x1e] high edge lint[0x1])
[    0.000000] ACPI: LAPIC_NMI (acpi_id[0x1f] high edge lint[0x1])
[    0.000000] ACPI: LAPIC_NMI (acpi_id[0x20] high edge lint[0x1])
[    0.000000] ACPI: LAPIC_NMI (acpi_id[0x21] high edge lint[0x1])
[    0.000000] ACPI: LAPIC_NMI (acpi_id[0x22] high edge lint[0x1])
[    0.000000] ACPI: LAPIC_NMI (acpi_id[0x23] high edge lint[0x1])
[    0.000000] ACPI: LAPIC_NMI (acpi_id[0x24] high edge lint[0x1])
[    0.000000] ACPI: LAPIC_NMI (acpi_id[0x25] high edge lint[0x1])
[    0.000000] ACPI: LAPIC_NMI (acpi_id[0x26] high edge lint[0x1])
[    0.000000] ACPI: LAPIC_NMI (acpi_id[0x27] high edge lint[0x1])
[    0.000000] ACPI: LAPIC_NMI (acpi_id[0x28] high edge lint[0x1])
[    0.000000] ACPI: LAPIC_NMI (acpi_id[0x29] high edge lint[0x1])
[    0.000000] ACPI: LAPIC_NMI (acpi_id[0x2a] high edge lint[0x1])
[    0.000000] ACPI: LAPIC_NMI (acpi_id[0x2b] high edge lint[0x1])
[    0.000000] ACPI: LAPIC_NMI (acpi_id[0x2c] high edge lint[0x1])
[    0.000000] ACPI: LAPIC_NMI (acpi_id[0x2d] high edge lint[0x1])
[    0.000000] ACPI: LAPIC_NMI (acpi_id[0x2e] high edge lint[0x1])
[    0.000000] ACPI: LAPIC_NMI (acpi_id[0x2f] high edge lint[0x1])
[    0.000000] ACPI: LAPIC_NMI (acpi_id[0x30] high edge lint[0x1])
[    0.000000] ACPI: LAPIC_NMI (acpi_id[0x31] high edge lint[0x1])
[    0.000000] ACPI: LAPIC_NMI (acpi_id[0x32] high edge lint[0x1])
[    0.000000] ACPI: LAPIC_NMI (acpi_id[0x33] high edge lint[0x1])
[    0.000000] ACPI: LAPIC_NMI (acpi_id[0x34] high edge lint[0x1])
[    0.000000] ACPI: LAPIC_NMI (acpi_id[0x35] high edge lint[0x1])
[    0.000000] ACPI: LAPIC_NMI (acpi_id[0x36] high edge lint[0x1])
[    0.000000] ACPI: LAPIC_NMI (acpi_id[0x37] high edge lint[0x1])
[    0.000000] ACPI: LAPIC_NMI (acpi_id[0x38] high edge lint[0x1])
[    0.000000] ACPI: LAPIC_NMI (acpi_id[0x39] high edge lint[0x1])
[    0.000000] ACPI: LAPIC_NMI (acpi_id[0x3a] high edge lint[0x1])
[    0.000000] ACPI: LAPIC_NMI (acpi_id[0x3b] high edge lint[0x1])
[    0.000000] ACPI: LAPIC_NMI (acpi_id[0x3c] high edge lint[0x1])
[    0.000000] ACPI: LAPIC_NMI (acpi_id[0x3d] high edge lint[0x1])
[    0.000000] ACPI: LAPIC_NMI (acpi_id[0x3e] high edge lint[0x1])
[    0.000000] ACPI: LAPIC_NMI (acpi_id[0x3f] high edge lint[0x1])
[    0.000000] ACPI: LAPIC_NMI (acpi_id[0x40] high edge lint[0x1])
[    0.000000] ACPI: LAPIC_NMI (acpi_id[0x41] high edge lint[0x1])
[    0.000000] ACPI: LAPIC_NMI (acpi_id[0x42] high edge lint[0x1])
[    0.000000] ACPI: LAPIC_NMI (acpi_id[0x43] high edge lint[0x1])
[    0.000000] ACPI: LAPIC_NMI (acpi_id[0x44] high edge lint[0x1])
[    0.000000] ACPI: LAPIC_NMI (acpi_id[0x45] high edge lint[0x1])
[    0.000000] ACPI: LAPIC_NMI (acpi_id[0x46] high edge lint[0x1])
[    0.000000] ACPI: LAPIC_NMI (acpi_id[0x47] high edge lint[0x1])
[    0.000000] ACPI: LAPIC_NMI (acpi_id[0x48] high edge lint[0x1])
[    0.000000] ACPI: LAPIC_NMI (acpi_id[0x49] high edge lint[0x1])
[    0.000000] ACPI: LAPIC_NMI (acpi_id[0x4a] high edge lint[0x1])
[    0.000000] ACPI: LAPIC_NMI (acpi_id[0x4b] high edge lint[0x1])
[    0.000000] ACPI: LAPIC_NMI (acpi_id[0x4c] high edge lint[0x1])
[    0.000000] ACPI: LAPIC_NMI (acpi_id[0x4d] high edge lint[0x1])
[    0.000000] ACPI: LAPIC_NMI (acpi_id[0x4e] high edge lint[0x1])
[    0.000000] ACPI: LAPIC_NMI (acpi_id[0x4f] high edge lint[0x1])
[    0.000000] ACPI: LAPIC_NMI (acpi_id[0x50] high edge lint[0x1])
[    0.000000] ACPI: LAPIC_NMI (acpi_id[0x51] high edge lint[0x1])
[    0.000000] ACPI: LAPIC_NMI (acpi_id[0x52] high edge lint[0x1])
[    0.000000] ACPI: LAPIC_NMI (acpi_id[0x53] high edge lint[0x1])
[    0.000000] ACPI: LAPIC_NMI (acpi_id[0x54] high edge lint[0x1])
[    0.000000] ACPI: LAPIC_NMI (acpi_id[0x55] high edge lint[0x1])
[    0.000000] ACPI: LAPIC_NMI (acpi_id[0x56] high edge lint[0x1])
[    0.000000] ACPI: LAPIC_NMI (acpi_id[0x57] high edge lint[0x1])
[    0.000000] ACPI: LAPIC_NMI (acpi_id[0x58] high edge lint[0x1])
[    0.000000] ACPI: LAPIC_NMI (acpi_id[0x59] high edge lint[0x1])
[    0.000000] ACPI: LAPIC_NMI (acpi_id[0x5a] high edge lint[0x1])
[    0.000000] ACPI: LAPIC_NMI (acpi_id[0x5b] high edge lint[0x1])
[    0.000000] ACPI: LAPIC_NMI (acpi_id[0x5c] high edge lint[0x1])
[    0.000000] ACPI: LAPIC_NMI (acpi_id[0x5d] high edge lint[0x1])
[    0.000000] ACPI: LAPIC_NMI (acpi_id[0x5e] high edge lint[0x1])
[    0.000000] ACPI: LAPIC_NMI (acpi_id[0x5f] high edge lint[0x1])
[    0.000000] ACPI: LAPIC_NMI (acpi_id[0x60] high edge lint[0x1])
[    0.000000] ACPI: LAPIC_NMI (acpi_id[0x61] high edge lint[0x1])
[    0.000000] ACPI: LAPIC_NMI (acpi_id[0x62] high edge lint[0x1])
[    0.000000] ACPI: LAPIC_NMI (acpi_id[0x63] high edge lint[0x1])
[    0.000000] ACPI: LAPIC_NMI (acpi_id[0x64] high edge lint[0x1])
[    0.000000] ACPI: LAPIC_NMI (acpi_id[0x65] high edge lint[0x1])
[    0.000000] ACPI: LAPIC_NMI (acpi_id[0x66] high edge lint[0x1])
[    0.000000] ACPI: LAPIC_NMI (acpi_id[0x67] high edge lint[0x1])
[    0.000000] ACPI: LAPIC_NMI (acpi_id[0x68] high edge lint[0x1])
[    0.000000] ACPI: LAPIC_NMI (acpi_id[0x69] high edge lint[0x1])
[    0.000000] ACPI: LAPIC_NMI (acpi_id[0x6a] high edge lint[0x1])
[    0.000000] ACPI: LAPIC_NMI (acpi_id[0x6b] high edge lint[0x1])
[    0.000000] ACPI: LAPIC_NMI (acpi_id[0x6c] high edge lint[0x1])
[    0.000000] ACPI: LAPIC_NMI (acpi_id[0x6d] high edge lint[0x1])
[    0.000000] ACPI: LAPIC_NMI (acpi_id[0x6e] high edge lint[0x1])
[    0.000000] ACPI: LAPIC_NMI (acpi_id[0x6f] high edge lint[0x1])
[    0.000000] ACPI: LAPIC_NMI (acpi_id[0x70] high edge lint[0x1])
[    0.000000] ACPI: LAPIC_NMI (acpi_id[0x71] high edge lint[0x1])
[    0.000000] ACPI: LAPIC_NMI (acpi_id[0x72] high edge lint[0x1])
[    0.000000] ACPI: LAPIC_NMI (acpi_id[0x73] high edge lint[0x1])
[    0.000000] ACPI: LAPIC_NMI (acpi_id[0x74] high edge lint[0x1])
[    0.000000] ACPI: LAPIC_NMI (acpi_id[0x75] high edge lint[0x1])
[    0.000000] ACPI: LAPIC_NMI (acpi_id[0x76] high edge lint[0x1])
[    0.000000] ACPI: LAPIC_NMI (acpi_id[0x77] high edge lint[0x1])
[    0.000000] ACPI: LAPIC_NMI (acpi_id[0x78] high edge lint[0x1])
[    0.000000] ACPI: LAPIC_NMI (acpi_id[0x79] high edge lint[0x1])
[    0.000000] ACPI: LAPIC_NMI (acpi_id[0x7a] high edge lint[0x1])
[    0.000000] ACPI: LAPIC_NMI (acpi_id[0x7b] high edge lint[0x1])
[    0.000000] ACPI: LAPIC_NMI (acpi_id[0x7c] high edge lint[0x1])
[    0.000000] ACPI: LAPIC_NMI (acpi_id[0x7d] high edge lint[0x1])
[    0.000000] ACPI: LAPIC_NMI (acpi_id[0x7e] high edge lint[0x1])
[    0.000000] ACPI: LAPIC_NMI (acpi_id[0x7f] high edge lint[0x1])
[    0.000000] IOAPIC[0]: apic_id 1, version 17, address 0xfec00000, GSI 0-23
[    0.000000] ACPI: INT_SRC_OVR (bus 0 bus_irq 0 global_irq 2 high edge)
[    0.000000] ACPI: IRQ0 used by override.
[    0.000000] ACPI: IRQ9 used by override.
[    0.000000] Using ACPI (MADT) for SMP configuration information
[    0.000000] ACPI: HPET id: 0x8086af01 base: 0xfed00000
[    0.000000] [Firmware Bug]: TSC_DEADLINE disabled due to Errata; please update microcode to version: 0xb2 (or later)
[    0.000000] smpboot: 128 Processors exceeds NR_CPUS limit of 8
[    0.000000] smpboot: Allowing 8 CPUs, 4 hotplug CPUs
[    0.000000] PM: Registered nosave memory: [mem 0x00000000-0x00000fff]
[    0.000000] PM: Registered nosave memory: [mem 0x0009e000-0x0009efff]
[    0.000000] PM: Registered nosave memory: [mem 0x0009f000-0x0009ffff]
[    0.000000] PM: Registered nosave memory: [mem 0x000a0000-0x000dbfff]
[    0.000000] PM: Registered nosave memory: [mem 0x000dc000-0x000fffff]
[    0.000000] e820: [mem 0xc0000000-0xefffffff] available for PCI devices
[    0.000000] Booting paravirtualized kernel on VMware hypervisor
[    0.000000] clocksource: refined-jiffies: mask: 0xffffffff max_cycles: 0xffffffff, max_idle_ns: 7645519600211568 ns
[    0.000000] setup_percpu: NR_CPUS:8 nr_cpumask_bits:8 nr_cpu_ids:8 nr_node_ids:1
[    0.000000] percpu: Embedded 23 pages/cpu @eed08000 s64716 r0 d29492 u94208
[    0.000000] pcpu-alloc: s64716 r0 d29492 u94208 alloc=23*4096
[    0.000000] pcpu-alloc: [0] 0 [0] 1 [0] 2 [0] 3 [0] 4 [0] 5 [0] 6 [0] 7 
[    0.000000] Built 1 zonelists, mobility grouping on.  Total pages: 3463879
[    0.000000] Kernel command line: BOOT_IMAGE=/boot/vmlinuz-4.14.0-eudyptula-00036-g1528229 root=UUID=33934761-4dc3-4212-8e6b-c2afaf6c1a20 ro find_preseed=/preseed.cfg auto noprompt priority=critical locale=en_US quiet
[    0.000000] PID hash table entries: 4096 (order: 2, 16384 bytes)
[    0.000000] Dentry cache hash table entries: 131072 (order: 7, 524288 bytes)
[    0.000000] Inode-cache hash table entries: 65536 (order: 6, 262144 bytes)
[    0.000000] Initializing CPU#0
[    0.000000] ------------[ cut here ]------------
[    0.000000] WARNING: CPU: 0 PID: 0 at arch/x86/mm/tlb.c:265 initialize_tlbstate_and_flush+0x120/0x130
[    0.000000] Modules linked in:
[    0.000000] CPU: 0 PID: 0 Comm: swapper Not tainted 4.14.0-eudyptula-00036-g1528229 #5
[    0.000000] Hardware name: VMware, Inc. VMware Virtual Platform/440BX Desktop Reference Platform, BIOS 6.00 07/02/2015
[    0.000000] task: c1ad22c0 task.stack: c1aca000
[    0.000000] EIP: initialize_tlbstate_and_flush+0x120/0x130
[    0.000000] EFLAGS: 00210046 CPU: 0
[    0.000000] EAX: 01cd2000 EBX: c1b0da00 ECX: c1b0db88 EDX: 00000000
[    0.000000] ESI: c1cd2000 EDI: c1ad22c0 EBP: c1acbf40 ESP: c1acbf30
[    0.000000]  DS: 007b ES: 007b FS: 00d8 GS: 0000 SS: 0068
[    0.000000] CR0: 80050033 CR2: 00000000 CR3: 01cd2000 CR4: 000406b0
[    0.000000] Call Trace:
[    0.000000]  cpu_init+0xce/0x2b0
[    0.000000]  ? native_set_fixmap+0x49/0x50
[    0.000000]  trap_init+0x4b/0x53
[    0.000000]  start_kernel+0x1c2/0x3ae
[    0.000000]  ? set_init_arg+0x57/0x57
[    0.000000]  i386_start_kernel+0x14c/0x14f
[    0.000000]  startup_32_smp+0x164/0x166
[    0.000000] Code: 00 00 00 c7 40 04 00 00 00 00 89 d8 ff 15 40 56 ae c1 83 c1 10 81 f9 ac 5d cc c1 75 c9 83 c4 08 5b 5e 5d c3 8d b4 26 00 00 00 00 <0f> ff e9 35 ff ff ff 0f ff e9 0d ff ff ff 66 90 e8 4f f6 fe ff
[    0.000000] ---[ end trace f26e30c1ae7fca7e ]---
[    0.000000] Initializing HighMem for node 0 (00037bfe:0038e400)
[    0.000000] Initializing Movable for node 0 (00000000:00000000)
[    0.000000] Memory: 13534400K/13864436K available (7872K kernel code, 866K rwdata, 3168K rodata, 1100K init, 736K bss, 330036K reserved, 0K cma-reserved, 12951432K highmem)
[    0.000000] virtual kernel memory layout:
[    0.000000]     fixmap  : 0xfff0d000 - 0xfffff000   ( 968 kB)
[    0.000000]     pkmap   : 0xffc00000 - 0xffe00000   (2048 kB)
[    0.000000]     vmalloc : 0xf83fe000 - 0xffbfe000   ( 120 MB)
[    0.000000]     lowmem  : 0xc0000000 - 0xf7bfe000   ( 891 MB)
[    0.000000]       .init : 0xc1bb4000 - 0xc1cc7000   (1100 kB)
[    0.000000]       .data : 0xc17b015d - 0xc1ba2a40   (4042 kB)
[    0.000000]       .text : 0xc1000000 - 0xc17b015d   (7872 kB)
[    0.000000] Checking if this processor honours the WP bit even in supervisor mode...Ok.
[    0.000000] SLUB: HWalign=64, Order=0-3, MinObjects=0, CPUs=8, Nodes=1
[    0.000000] ftrace: allocating 35126 entries in 69 pages
[    0.004000] Hierarchical RCU implementation.
[    0.004000] NR_IRQS: 2304, nr_irqs: 488, preallocated irqs: 16
[    0.004000] CPU 0 irqstacks, hard=ee8c2000 soft=ee8c4000
[    0.004000] Console: colour VGA+ 80x25
[    0.004000] console [tty0] enabled
[    0.004000] clocksource: hpet: mask: 0xffffffff max_cycles: 0xffffffff, max_idle_ns: 133484882848 ns
[    0.004000] hpet clockevent registered
[    0.004000] tsc: Detected 2808.090 MHz processor
[    0.004000] Calibrating delay loop (skipped) preset value.. 5616.18 BogoMIPS (lpj=11232360)
[    0.004000] pid_max: default: 32768 minimum: 301
[    0.004000] ACPI: Core revision 20170728
[    0.009296] ACPI: 1 ACPI AML tables successfully acquired and loaded
[    0.009316] Security Framework initialized
[    0.009317] Yama: becoming mindful.
[    0.009339] AppArmor: AppArmor initialized
[    0.009361] Mount-cache hash table entries: 2048 (order: 1, 8192 bytes)
[    0.009364] Mountpoint-cache hash table entries: 2048 (order: 1, 8192 bytes)
[    0.009514] Disabled fast string operations
[    0.009516] CPU: Physical Processor ID: 0
[    0.009521] ENERGY_PERF_BIAS: Set to 'normal', was 'performance'
[    0.009522] ENERGY_PERF_BIAS: View and update with x86_energy_perf_policy(8)
[    0.009536] mce: CPU supports 0 MCE banks
[    0.009545] Last level iTLB entries: 4KB 64, 2MB 8, 4MB 8
[    0.009545] Last level dTLB entries: 4KB 64, 2MB 0, 4MB 0, 1GB 4
[    0.009759] Freeing SMP alternatives memory: 32K
[    0.013373] smpboot: Max logical packages: 128
[    0.013410] Enabling APIC mode:  Flat.  Using 1 I/O APICs
[    0.015671] ..TIMER: vector=0x30 apic1=0 pin1=2 apic2=-1 pin2=-1
[    0.016000] smpboot: CPU0: Intel(R) Core(TM) i7-6600U CPU @ 2.60GHz (family: 0x6, model: 0x4e, stepping: 0x3)
[    0.016000] Performance Events: Skylake events, core PMU driver.
[    0.016000] core: CPUID marked event: 'cpu cycles' unavailable
[    0.016000] core: CPUID marked event: 'instructions' unavailable
[    0.016000] core: CPUID marked event: 'bus cycles' unavailable
[    0.016000] core: CPUID marked event: 'cache references' unavailable
[    0.016000] core: CPUID marked event: 'cache misses' unavailable
[    0.016000] core: CPUID marked event: 'branch instructions' unavailable
[    0.016000] core: CPUID marked event: 'branch misses' unavailable
[    0.016000] ... version:                1
[    0.016000] ... bit width:              48
[    0.016000] ... generic registers:      4
[    0.016000] ... value mask:             0000ffffffffffff
[    0.016000] ... max period:             000000007fffffff
[    0.016000] ... fixed-purpose events:   0
[    0.016000] ... event mask:             000000000000000f
[    0.016000] Hierarchical SRCU implementation.
[    0.016000] smp: Bringing up secondary CPUs ...
[    0.016000] NMI watchdog: disabled (cpu0): hardware events not enabled
[    0.016000] NMI watchdog: Shutting down hard lockup detector on all cpus
[    0.016000] CPU 1 irqstacks, hard=ee9e2000 soft=ee9e4000
[    0.016000] x86: Booting SMP configuration:
[    0.016000] .... node  #0, CPUs:      #1
[    0.004000] Initializing CPU#1
[    0.004000] ------------[ cut here ]------------
[    0.004000] WARNING: CPU: 1 PID: 0 at arch/x86/mm/tlb.c:257 initialize_tlbstate_and_flush+0x127/0x130
[    0.004000] Modules linked in:
[    0.004000] CPU: 1 PID: 0 Comm: swapper/1 Tainted: G        W       4.14.0-eudyptula-00036-g1528229 #5
[    0.004000] Hardware name: VMware, Inc. VMware Virtual Platform/440BX Desktop Reference Platform, BIOS 6.00 07/02/2015
[    0.004000] task: ee99dc80 task.stack: ee9aa000
[    0.004000] EIP: initialize_tlbstate_and_flush+0x127/0x130
[    0.004000] EFLAGS: 00210006 CPU: 1
[    0.004000] EAX: 01acd000 EBX: c1b0da00 ECX: c1b0db88 EDX: 01cd2000
[    0.004000] ESI: c1cd2000 EDI: ee99dc80 EBP: ee9abf64 ESP: ee9abf54
[    0.004000]  DS: 007b ES: 007b FS: 00d8 GS: 0000 SS: 0068
[    0.004000] CR0: 80050033 CR2: 00000000 CR3: 01acd000 CR4: 000406b0
[    0.004000] Call Trace:
[    0.004000]  cpu_init+0xce/0x2b0
[    0.004000]  start_secondary+0x2a/0x170
[    0.004000]  startup_32_smp+0x164/0x166
[    0.004000] Code: 00 00 00 89 d8 50 9d 8d 74 26 00 83 c1 10 81 f9 ac 5d cc c1 75 c9 83 c4 08 5b 5e 5d c3 8d b4 26 00 00 00 00 0f ff e9 35 ff ff ff <0f> ff e9 0d ff ff ff 66 90 3e 8d 74 26 00 55 89 e5 57 56 53 83
[    0.004000] ---[ end trace f26e30c1ae7fca7f ]---
[    0.004000] Disabled fast string operations
[    0.004000] mce: CPU supports 0 MCE banks
[    0.004000] smpboot: CPU 1 Converting physical 2 to logical package 1
[    0.016000] CPU 2 irqstacks, hard=eea20000 soft=eea22000
[    0.016000]  #2
[    0.004000] Initializing CPU#2
[    0.004000] ------------[ cut here ]------------
[    0.004000] WARNING: CPU: 2 PID: 0 at arch/x86/mm/tlb.c:257 initialize_tlbstate_and_flush+0x127/0x130
[    0.004000] Modules linked in:
[    0.004000] CPU: 2 PID: 0 Comm: swapper/2 Tainted: G        W       4.14.0-eudyptula-00036-g1528229 #5
[    0.004000] Hardware name: VMware, Inc. VMware Virtual Platform/440BX Desktop Reference Platform, BIOS 6.00 07/02/2015
[    0.004000] task: ee9b0000 task.stack: ee9ac000
[    0.004000] EIP: initialize_tlbstate_and_flush+0x127/0x130
[    0.004000] EFLAGS: 00210006 CPU: 2
[    0.004000] EAX: 01acd000 EBX: c1b0da00 ECX: c1b0db88 EDX: 01cd2000
[    0.004000] ESI: c1cd2000 EDI: ee9b0000 EBP: ee9adf64 ESP: ee9adf54
[    0.004000]  DS: 007b ES: 007b FS: 00d8 GS: 0000 SS: 0068
[    0.004000] CR0: 80050033 CR2: 00000000 CR3: 01acd000 CR4: 000406b0
[    0.004000] Call Trace:
[    0.004000]  cpu_init+0xce/0x2b0
[    0.004000]  start_secondary+0x2a/0x170
[    0.004000]  startup_32_smp+0x164/0x166
[    0.004000] Code: 00 00 00 89 d8 50 9d 8d 74 26 00 83 c1 10 81 f9 ac 5d cc c1 75 c9 83 c4 08 5b 5e 5d c3 8d b4 26 00 00 00 00 0f ff e9 35 ff ff ff <0f> ff e9 0d ff ff ff 66 90 3e 8d 74 26 00 55 89 e5 57 56 53 83
[    0.004000] ---[ end trace f26e30c1ae7fca80 ]---
[    0.004000] Disabled fast string operations
[    0.004000] mce: CPU supports 0 MCE banks
[    0.004000] smpboot: CPU 2 Converting physical 4 to logical package 2
[    0.016127] CPU 3 irqstacks, hard=eea38000 soft=eea3a000
[    0.016479]  #3
[    0.004000] Initializing CPU#3
[    0.004000] ------------[ cut here ]------------
[    0.004000] WARNING: CPU: 3 PID: 0 at arch/x86/mm/tlb.c:257 initialize_tlbstate_and_flush+0x127/0x130
[    0.004000] Modules linked in:
[    0.004000] CPU: 3 PID: 0 Comm: swapper/3 Tainted: G        W       4.14.0-eudyptula-00036-g1528229 #5
[    0.004000] Hardware name: VMware, Inc. VMware Virtual Platform/440BX Desktop Reference Platform, BIOS 6.00 07/02/2015
[    0.004000] task: ee9b1280 task.stack: ee9ae000
[    0.004000] EIP: initialize_tlbstate_and_flush+0x127/0x130
[    0.004000] EFLAGS: 00210006 CPU: 3
[    0.004000] EAX: 01acd000 EBX: c1b0da00 ECX: c1b0db88 EDX: 01cd2000
[    0.004000] ESI: c1cd2000 EDI: ee9b1280 EBP: ee9aff64 ESP: ee9aff54
[    0.004000]  DS: 007b ES: 007b FS: 00d8 GS: 0000 SS: 0068
[    0.004000] CR0: 80050033 CR2: 00000000 CR3: 01acd000 CR4: 000406b0
[    0.004000] Call Trace:
[    0.004000]  cpu_init+0xce/0x2b0
[    0.004000]  start_secondary+0x2a/0x170
[    0.004000]  startup_32_smp+0x164/0x166
[    0.004000] Code: 00 00 00 89 d8 50 9d 8d 74 26 00 83 c1 10 81 f9 ac 5d cc c1 75 c9 83 c4 08 5b 5e 5d c3 8d b4 26 00 00 00 00 0f ff e9 35 ff ff ff <0f> ff e9 0d ff ff ff 66 90 3e 8d 74 26 00 55 89 e5 57 56 53 83
[    0.004000] ---[ end trace f26e30c1ae7fca81 ]---
[    0.004000] Disabled fast string operations
[    0.004000] mce: CPU supports 0 MCE banks
[    0.004000] smpboot: CPU 3 Converting physical 6 to logical package 3
[    0.016818] smp: Brought up 1 node, 4 CPUs
[    0.016818] smpboot: Total of 4 processors activated (22464.72 BogoMIPS)
[    0.052114] devtmpfs: initialized
[    0.052158] evm: security.selinux
[    0.052158] evm: security.SMACK64
[    0.052159] evm: security.ima
[    0.052159] evm: security.capability
[    0.052192] PM: Registering ACPI NVS region [mem 0xbfeff000-0xbfefffff] (4096 bytes)
[    0.052194] clocksource: jiffies: mask: 0xffffffff max_cycles: 0xffffffff, max_idle_ns: 7645041785100000 ns
[    0.052197] futex hash table entries: 2048 (order: 5, 131072 bytes)
[    0.052372] pinctrl core: initialized pinctrl subsystem
[    0.052483] RTC time:  6:16:24, date: 09/22/17
[    0.052593] NET: Registered protocol family 16
[    0.052771] EISA bus registered
[    0.052797] cpuidle: using governor ladder
[    0.052797] cpuidle: using governor menu
[    0.052797] Simple Boot Flag at 0x36 set to 0x1
[    0.052797] ACPI: bus type PCI registered
[    0.052797] acpiphp: ACPI Hot Plug PCI Controller Driver version: 0.5
[    0.052797] PCI: MMCONFIG for domain 0000 [bus 00-7f] at [mem 0xf0000000-0xf7ffffff] (base 0xf0000000)
[    0.052797] PCI: MMCONFIG at [mem 0xf0000000-0xf7ffffff] reserved in E820
[    0.052797] PCI: Using MMCONFIG for extended config space
[    0.052797] PCI: Using configuration type 1 for base access
[    0.053137] HugeTLB registered 2.00 MiB page size, pre-allocated 0 pages
[    0.053137] ACPI: Added _OSI(Module Device)
[    0.053137] ACPI: Added _OSI(Processor Device)
[    0.053137] ACPI: Added _OSI(3.0 _SCP Extensions)
[    0.053137] ACPI: Added _OSI(Processor Aggregator Device)
[    0.058131] ACPI: [Firmware Bug]: BIOS _OSI(Linux) query ignored
[    0.072788] ACPI: Interpreter enabled
[    0.072802] ACPI: (supports S0 S1 S4 S5)
[    0.072803] ACPI: Using IOAPIC for interrupt routing
[    0.072822] PCI: Using host bridge windows from ACPI; if necessary, use "pci=nocrs" and report a bug
[    0.073561] ACPI: Enabled 4 GPEs in block 00 to 0F
[    0.157881] ACPI: PCI Root Bridge [PCI0] (domain 0000 [bus 00-7f])
[    0.157885] acpi PNP0A03:00: _OSC: OS supports [ExtendedConfig ASPM ClockPM Segments MSI]
[    0.157992] acpi PNP0A03:00: _OSC: platform does not support [AER]
[    0.158140] acpi PNP0A03:00: _OSC: OS now controls [PCIeHotplug PME PCIeCapability]
[    0.159465] PCI host bridge to bus 0000:00
[    0.159467] pci_bus 0000:00: root bus resource [mem 0x000a0000-0x000bffff window]
[    0.159468] pci_bus 0000:00: root bus resource [mem 0x000d0000-0x000d3fff window]
[    0.159469] pci_bus 0000:00: root bus resource [mem 0x000d4000-0x000d7fff window]
[    0.159470] pci_bus 0000:00: root bus resource [mem 0x000d8000-0x000dbfff window]
[    0.159470] pci_bus 0000:00: root bus resource [mem 0xc0000000-0xfebfffff window]
[    0.159471] pci_bus 0000:00: root bus resource [io  0x0000-0x0cf7 window]
[    0.159472] pci_bus 0000:00: root bus resource [io  0x0d00-0xfeff window]
[    0.159473] pci_bus 0000:00: root bus resource [bus 00-7f]
[    0.159507] pci 0000:00:00.0: [8086:7190] type 00 class 0x060000
[    0.159988] pci 0000:00:01.0: [8086:7191] type 01 class 0x060400
[    0.160429] pci 0000:00:07.0: [8086:7110] type 00 class 0x060100
[    0.160992] pci 0000:00:07.1: [8086:7111] type 00 class 0x01018a
[    0.162831] pci 0000:00:07.1: reg 0x20: [io  0x1060-0x106f]
[    0.163515] pci 0000:00:07.1: legacy IDE quirk: reg 0x10: [io  0x01f0-0x01f7]
[    0.163516] pci 0000:00:07.1: legacy IDE quirk: reg 0x14: [io  0x03f6]
[    0.163516] pci 0000:00:07.1: legacy IDE quirk: reg 0x18: [io  0x0170-0x0177]
[    0.163517] pci 0000:00:07.1: legacy IDE quirk: reg 0x1c: [io  0x0376]
[    0.163692] pci 0000:00:07.3: [8086:7113] type 00 class 0x068000
[    0.165474] pci 0000:00:07.3: quirk: [io  0x1000-0x103f] claimed by PIIX4 ACPI
[    0.165483] pci 0000:00:07.3: quirk: [io  0x1040-0x104f] claimed by PIIX4 SMB
[    0.165730] pci 0000:00:07.7: [15ad:0740] type 00 class 0x088000
[    0.166485] pci 0000:00:07.7: reg 0x10: [io  0x1080-0x10bf]
[    0.167140] pci 0000:00:07.7: reg 0x14: [mem 0xfebfe000-0xfebfffff 64bit]
[    0.170118] pci 0000:00:0f.0: [15ad:0405] type 00 class 0x030000
[    0.173014] pci 0000:00:0f.0: reg 0x10: [io  0x1070-0x107f]
[    0.178054] pci 0000:00:0f.0: reg 0x14: [mem 0xe8000000-0xefffffff pref]
[    0.181091] pci 0000:00:0f.0: reg 0x18: [mem 0xfe000000-0xfe7fffff]
[    0.197045] pci 0000:00:0f.0: reg 0x30: [mem 0x00000000-0x00007fff pref]
[    0.197455] pci 0000:00:10.0: [1000:0030] type 00 class 0x010000
[    0.198615] pci 0000:00:10.0: reg 0x10: [io  0x1400-0x14ff]
[    0.200003] pci 0000:00:10.0: reg 0x14: [mem 0xfeba0000-0xfebbffff 64bit]
[    0.201064] pci 0000:00:10.0: reg 0x1c: [mem 0xfebc0000-0xfebdffff 64bit]
[    0.203153] pci 0000:00:10.0: reg 0x30: [mem 0x00000000-0x00003fff pref]
[    0.203486] pci 0000:00:11.0: [15ad:0790] type 01 class 0x060401
[    0.204276] pci 0000:00:15.0: [15ad:07a0] type 01 class 0x060400
[    0.204862] pci 0000:00:15.0: PME# supported from D0 D3hot D3cold
[    0.205111] pci 0000:00:15.1: [15ad:07a0] type 01 class 0x060400
[    0.205694] pci 0000:00:15.1: PME# supported from D0 D3hot D3cold
[    0.205935] pci 0000:00:15.2: [15ad:07a0] type 01 class 0x060400
[    0.206515] pci 0000:00:15.2: PME# supported from D0 D3hot D3cold
[    0.206748] pci 0000:00:15.3: [15ad:07a0] type 01 class 0x060400
[    0.207338] pci 0000:00:15.3: PME# supported from D0 D3hot D3cold
[    0.207565] pci 0000:00:15.4: [15ad:07a0] type 01 class 0x060400
[    0.208161] pci 0000:00:15.4: PME# supported from D0 D3hot D3cold
[    0.208401] pci 0000:00:15.5: [15ad:07a0] type 01 class 0x060400
[    0.208948] pci 0000:00:15.5: PME# supported from D0 D3hot D3cold
[    0.209218] pci 0000:00:15.6: [15ad:07a0] type 01 class 0x060400
[    0.209765] pci 0000:00:15.6: PME# supported from D0 D3hot D3cold
[    0.209991] pci 0000:00:15.7: [15ad:07a0] type 01 class 0x060400
[    0.210574] pci 0000:00:15.7: PME# supported from D0 D3hot D3cold
[    0.210800] pci 0000:00:16.0: [15ad:07a0] type 01 class 0x060400
[    0.211383] pci 0000:00:16.0: PME# supported from D0 D3hot D3cold
[    0.211608] pci 0000:00:16.1: [15ad:07a0] type 01 class 0x060400
[    0.212204] pci 0000:00:16.1: PME# supported from D0 D3hot D3cold
[    0.212432] pci 0000:00:16.2: [15ad:07a0] type 01 class 0x060400
[    0.212979] pci 0000:00:16.2: PME# supported from D0 D3hot D3cold
[    0.213250] pci 0000:00:16.3: [15ad:07a0] type 01 class 0x060400
[    0.213797] pci 0000:00:16.3: PME# supported from D0 D3hot D3cold
[    0.214023] pci 0000:00:16.4: [15ad:07a0] type 01 class 0x060400
[    0.214607] pci 0000:00:16.4: PME# supported from D0 D3hot D3cold
[    0.214848] pci 0000:00:16.5: [15ad:07a0] type 01 class 0x060400
[    0.215432] pci 0000:00:16.5: PME# supported from D0 D3hot D3cold
[    0.215657] pci 0000:00:16.6: [15ad:07a0] type 01 class 0x060400
[    0.216277] pci 0000:00:16.6: PME# supported from D0 D3hot D3cold
[    0.216505] pci 0000:00:16.7: [15ad:07a0] type 01 class 0x060400
[    0.217053] pci 0000:00:16.7: PME# supported from D0 D3hot D3cold
[    0.217326] pci 0000:00:17.0: [15ad:07a0] type 01 class 0x060400
[    0.217874] pci 0000:00:17.0: PME# supported from D0 D3hot D3cold
[    0.218137] pci 0000:00:17.1: [15ad:07a0] type 01 class 0x060400
[    0.218685] pci 0000:00:17.1: PME# supported from D0 D3hot D3cold
[    0.218911] pci 0000:00:17.2: [15ad:07a0] type 01 class 0x060400
[    0.219502] pci 0000:00:17.2: PME# supported from D0 D3hot D3cold
[    0.219733] pci 0000:00:17.3: [15ad:07a0] type 01 class 0x060400
[    0.220333] pci 0000:00:17.3: PME# supported from D0 D3hot D3cold
[    0.220561] pci 0000:00:17.4: [15ad:07a0] type 01 class 0x060400
[    0.221115] pci 0000:00:17.4: PME# supported from D0 D3hot D3cold
[    0.221342] pci 0000:00:17.5: [15ad:07a0] type 01 class 0x060400
[    0.221888] pci 0000:00:17.5: PME# supported from D0 D3hot D3cold
[    0.222150] pci 0000:00:17.6: [15ad:07a0] type 01 class 0x060400
[    0.222697] pci 0000:00:17.6: PME# supported from D0 D3hot D3cold
[    0.222923] pci 0000:00:17.7: [15ad:07a0] type 01 class 0x060400
[    0.223512] pci 0000:00:17.7: PME# supported from D0 D3hot D3cold
[    0.223738] pci 0000:00:18.0: [15ad:07a0] type 01 class 0x060400
[    0.224350] pci 0000:00:18.0: PME# supported from D0 D3hot D3cold
[    0.224578] pci 0000:00:18.1: [15ad:07a0] type 01 class 0x060400
[    0.225177] pci 0000:00:18.1: PME# supported from D0 D3hot D3cold
[    0.225406] pci 0000:00:18.2: [15ad:07a0] type 01 class 0x060400
[    0.225953] pci 0000:00:18.2: PME# supported from D0 D3hot D3cold
[    0.226223] pci 0000:00:18.3: [15ad:07a0] type 01 class 0x060400
[    0.226771] pci 0000:00:18.3: PME# supported from D0 D3hot D3cold
[    0.226997] pci 0000:00:18.4: [15ad:07a0] type 01 class 0x060400
[    0.227660] pci 0000:00:18.4: PME# supported from D0 D3hot D3cold
[    0.228155] pci 0000:00:18.5: [15ad:07a0] type 01 class 0x060400
[    0.228704] pci 0000:00:18.5: PME# supported from D0 D3hot D3cold
[    0.228979] pci 0000:00:18.6: [15ad:07a0] type 01 class 0x060400
[    0.229527] pci 0000:00:18.6: PME# supported from D0 D3hot D3cold
[    0.229754] pci 0000:00:18.7: [15ad:07a0] type 01 class 0x060400
[    0.230344] pci 0000:00:18.7: PME# supported from D0 D3hot D3cold
[    0.230878] pci 0000:00:01.0: PCI bridge to [bus 01]
[    0.231157] acpiphp: Slot [32] registered
[    0.231174] acpiphp: Slot [33] registered
[    0.231189] acpiphp: Slot [34] registered
[    0.231204] acpiphp: Slot [35] registered
[    0.231218] acpiphp: Slot [36] registered
[    0.231233] acpiphp: Slot [37] registered
[    0.231248] acpiphp: Slot [38] registered
[    0.231262] acpiphp: Slot [39] registered
[    0.231278] acpiphp: Slot [40] registered
[    0.231293] acpiphp: Slot [41] registered
[    0.231307] acpiphp: Slot [42] registered
[    0.231321] acpiphp: Slot [43] registered
[    0.231336] acpiphp: Slot [44] registered
[    0.231350] acpiphp: Slot [45] registered
[    0.231365] acpiphp: Slot [46] registered
[    0.231379] acpiphp: Slot [47] registered
[    0.231395] acpiphp: Slot [48] registered
[    0.231409] acpiphp: Slot [49] registered
[    0.231423] acpiphp: Slot [50] registered
[    0.231439] acpiphp: Slot [51] registered
[    0.231454] acpiphp: Slot [52] registered
[    0.231468] acpiphp: Slot [53] registered
[    0.231482] acpiphp: Slot [54] registered
[    0.231496] acpiphp: Slot [55] registered
[    0.231510] acpiphp: Slot [56] registered
[    0.231525] acpiphp: Slot [57] registered
[    0.231539] acpiphp: Slot [58] registered
[    0.231553] acpiphp: Slot [59] registered
[    0.231567] acpiphp: Slot [60] registered
[    0.231583] acpiphp: Slot [61] registered
[    0.231598] acpiphp: Slot [62] registered
[    0.231612] acpiphp: Slot [63] registered
[    0.231666] pci 0000:02:00.0: [15ad:0774] type 00 class 0x0c0300
[    0.233615] pci 0000:02:00.0: reg 0x20: [io  0x20c0-0x20df]
[    0.234506] pci 0000:02:01.0: [1022:2000] type 00 class 0x020000
[    0.234811] pci 0000:02:01.0: reg 0x10: [io  0x2000-0x207f]
[    0.236431] pci 0000:02:01.0: reg 0x30: [mem 0x00000000-0x0000ffff pref]
[    0.236659] pci 0000:02:02.0: [1274:1371] type 00 class 0x040100
[    0.237028] pci 0000:02:02.0: reg 0x10: [io  0x2080-0x20bf]
[    0.239158] pci 0000:02:03.0: [15ad:0770] type 00 class 0x0c0320
[    0.239697] pci 0000:02:03.0: reg 0x10: [mem 0xfd5ff000-0xfd5fffff]
[    0.242642] pci 0000:02:05.0: [15ad:07e0] type 00 class 0x010601
[    0.245535] pci 0000:02:05.0: reg 0x24: [mem 0xfd5fe000-0xfd5fefff]
[    0.245993] pci 0000:02:05.0: reg 0x30: [mem 0x00000000-0x0000ffff pref]
[    0.246301] pci 0000:02:05.0: PME# supported from D3hot
[    0.246638] pci 0000:00:11.0: PCI bridge to [bus 02] (subtractive decode)
[    0.246654] pci 0000:00:11.0:   bridge window [io  0x2000-0x3fff]
[    0.246671] pci 0000:00:11.0:   bridge window [mem 0xfd500000-0xfdffffff]
[    0.246702] pci 0000:00:11.0:   bridge window [mem 0xe7b00000-0xe7ffffff 64bit pref]
[    0.246703] pci 0000:00:11.0:   bridge window [mem 0x000a0000-0x000bffff window] (subtractive decode)
[    0.246704] pci 0000:00:11.0:   bridge window [mem 0x000d0000-0x000d3fff window] (subtractive decode)
[    0.246705] pci 0000:00:11.0:   bridge window [mem 0x000d4000-0x000d7fff window] (subtractive decode)
[    0.246706] pci 0000:00:11.0:   bridge window [mem 0x000d8000-0x000dbfff window] (subtractive decode)
[    0.246706] pci 0000:00:11.0:   bridge window [mem 0xc0000000-0xfebfffff window] (subtractive decode)
[    0.246707] pci 0000:00:11.0:   bridge window [io  0x0000-0x0cf7 window] (subtractive decode)
[    0.246708] pci 0000:00:11.0:   bridge window [io  0x0d00-0xfeff window] (subtractive decode)
[    0.246962] pci 0000:00:15.0: PCI bridge to [bus 03]
[    0.246990] pci 0000:00:15.0:   bridge window [io  0x4000-0x4fff]
[    0.247006] pci 0000:00:15.0:   bridge window [mem 0xfd400000-0xfd4fffff]
[    0.247037] pci 0000:00:15.0:   bridge window [mem 0xe7a00000-0xe7afffff 64bit pref]
[    0.247282] pci 0000:00:15.1: PCI bridge to [bus 04]
[    0.247298] pci 0000:00:15.1:   bridge window [io  0x8000-0x8fff]
[    0.247314] pci 0000:00:15.1:   bridge window [mem 0xfd000000-0xfd0fffff]
[    0.247345] pci 0000:00:15.1:   bridge window [mem 0xe7600000-0xe76fffff 64bit pref]
[    0.247586] pci 0000:00:15.2: PCI bridge to [bus 05]
[    0.247603] pci 0000:00:15.2:   bridge window [io  0xc000-0xcfff]
[    0.247619] pci 0000:00:15.2:   bridge window [mem 0xfcc00000-0xfccfffff]
[    0.247650] pci 0000:00:15.2:   bridge window [mem 0xe7200000-0xe72fffff 64bit pref]
[    0.247889] pci 0000:00:15.3: PCI bridge to [bus 06]
[    0.248018] pci 0000:00:15.3:   bridge window [mem 0xfc800000-0xfc8fffff]
[    0.248049] pci 0000:00:15.3:   bridge window [mem 0xe6e00000-0xe6efffff 64bit pref]
[    0.248299] pci 0000:00:15.4: PCI bridge to [bus 07]
[    0.248330] pci 0000:00:15.4:   bridge window [mem 0xfc400000-0xfc4fffff]
[    0.248361] pci 0000:00:15.4:   bridge window [mem 0xe6a00000-0xe6afffff 64bit pref]
[    0.248602] pci 0000:00:15.5: PCI bridge to [bus 08]
[    0.248634] pci 0000:00:15.5:   bridge window [mem 0xfc000000-0xfc0fffff]
[    0.248665] pci 0000:00:15.5:   bridge window [mem 0xe6600000-0xe66fffff 64bit pref]
[    0.248903] pci 0000:00:15.6: PCI bridge to [bus 09]
[    0.248934] pci 0000:00:15.6:   bridge window [mem 0xfbc00000-0xfbcfffff]
[    0.248966] pci 0000:00:15.6:   bridge window [mem 0xe6200000-0xe62fffff 64bit pref]
[    0.249216] pci 0000:00:15.7: PCI bridge to [bus 0a]
[    0.249245] pci 0000:00:15.7:   bridge window [mem 0xfb800000-0xfb8fffff]
[    0.249275] pci 0000:00:15.7:   bridge window [mem 0xe5e00000-0xe5efffff 64bit pref]
[    0.249500] pci 0000:00:16.0: PCI bridge to [bus 0b]
[    0.249515] pci 0000:00:16.0:   bridge window [io  0x5000-0x5fff]
[    0.249530] pci 0000:00:16.0:   bridge window [mem 0xfd300000-0xfd3fffff]
[    0.249560] pci 0000:00:16.0:   bridge window [mem 0xe7900000-0xe79fffff 64bit pref]
[    0.249786] pci 0000:00:16.1: PCI bridge to [bus 0c]
[    0.249801] pci 0000:00:16.1:   bridge window [io  0x9000-0x9fff]
[    0.249817] pci 0000:00:16.1:   bridge window [mem 0xfcf00000-0xfcffffff]
[    0.249846] pci 0000:00:16.1:   bridge window [mem 0xe7500000-0xe75fffff 64bit pref]
[    0.250095] pci 0000:00:16.2: PCI bridge to [bus 0d]
[    0.250127] pci 0000:00:16.2:   bridge window [io  0xd000-0xdfff]
[    0.250142] pci 0000:00:16.2:   bridge window [mem 0xfcb00000-0xfcbfffff]
[    0.250171] pci 0000:00:16.2:   bridge window [mem 0xe7100000-0xe71fffff 64bit pref]
[    0.250398] pci 0000:00:16.3: PCI bridge to [bus 0e]
[    0.250428] pci 0000:00:16.3:   bridge window [mem 0xfc700000-0xfc7fffff]
[    0.250457] pci 0000:00:16.3:   bridge window [mem 0xe6d00000-0xe6dfffff 64bit pref]
[    0.250681] pci 0000:00:16.4: PCI bridge to [bus 0f]
[    0.250711] pci 0000:00:16.4:   bridge window [mem 0xfc300000-0xfc3fffff]
[    0.250740] pci 0000:00:16.4:   bridge window [mem 0xe6900000-0xe69fffff 64bit pref]
[    0.250964] pci 0000:00:16.5: PCI bridge to [bus 10]
[    0.250994] pci 0000:00:16.5:   bridge window [mem 0xfbf00000-0xfbffffff]
[    0.251024] pci 0000:00:16.5:   bridge window [mem 0xe6500000-0xe65fffff 64bit pref]
[    0.251288] pci 0000:00:16.6: PCI bridge to [bus 11]
[    0.251318] pci 0000:00:16.6:   bridge window [mem 0xfbb00000-0xfbbfffff]
[    0.251347] pci 0000:00:16.6:   bridge window [mem 0xe6100000-0xe61fffff 64bit pref]
[    0.251572] pci 0000:00:16.7: PCI bridge to [bus 12]
[    0.251602] pci 0000:00:16.7:   bridge window [mem 0xfb700000-0xfb7fffff]
[    0.251631] pci 0000:00:16.7:   bridge window [mem 0xe5d00000-0xe5dfffff 64bit pref]
[    0.251858] pci 0000:00:17.0: PCI bridge to [bus 13]
[    0.251873] pci 0000:00:17.0:   bridge window [io  0x6000-0x6fff]
[    0.251888] pci 0000:00:17.0:   bridge window [mem 0xfd200000-0xfd2fffff]
[    0.251918] pci 0000:00:17.0:   bridge window [mem 0xe7800000-0xe78fffff 64bit pref]
[    0.252190] pci 0000:00:17.1: PCI bridge to [bus 14]
[    0.252205] pci 0000:00:17.1:   bridge window [io  0xa000-0xafff]
[    0.252221] pci 0000:00:17.1:   bridge window [mem 0xfce00000-0xfcefffff]
[    0.252250] pci 0000:00:17.1:   bridge window [mem 0xe7400000-0xe74fffff 64bit pref]
[    0.252480] pci 0000:00:17.2: PCI bridge to [bus 15]
[    0.252495] pci 0000:00:17.2:   bridge window [io  0xe000-0xefff]
[    0.252511] pci 0000:00:17.2:   bridge window [mem 0xfca00000-0xfcafffff]
[    0.252540] pci 0000:00:17.2:   bridge window [mem 0xe7000000-0xe70fffff 64bit pref]
[    0.252771] pci 0000:00:17.3: PCI bridge to [bus 16]
[    0.252800] pci 0000:00:17.3:   bridge window [mem 0xfc600000-0xfc6fffff]
[    0.252829] pci 0000:00:17.3:   bridge window [mem 0xe6c00000-0xe6cfffff 64bit pref]
[    0.253058] pci 0000:00:17.4: PCI bridge to [bus 17]
[    0.253108] pci 0000:00:17.4:   bridge window [mem 0xfc200000-0xfc2fffff]
[    0.253154] pci 0000:00:17.4:   bridge window [mem 0xe6800000-0xe68fffff 64bit pref]
[    0.253379] pci 0000:00:17.5: PCI bridge to [bus 18]
[    0.253408] pci 0000:00:17.5:   bridge window [mem 0xfbe00000-0xfbefffff]
[    0.253438] pci 0000:00:17.5:   bridge window [mem 0xe6400000-0xe64fffff 64bit pref]
[    0.253665] pci 0000:00:17.6: PCI bridge to [bus 19]
[    0.253694] pci 0000:00:17.6:   bridge window [mem 0xfba00000-0xfbafffff]
[    0.253724] pci 0000:00:17.6:   bridge window [mem 0xe6000000-0xe60fffff 64bit pref]
[    0.253948] pci 0000:00:17.7: PCI bridge to [bus 1a]
[    0.253978] pci 0000:00:17.7:   bridge window [mem 0xfb600000-0xfb6fffff]
[    0.254007] pci 0000:00:17.7:   bridge window [mem 0xe5c00000-0xe5cfffff 64bit pref]
[    0.254269] pci 0000:00:18.0: PCI bridge to [bus 1b]
[    0.254284] pci 0000:00:18.0:   bridge window [io  0x7000-0x7fff]
[    0.254299] pci 0000:00:18.0:   bridge window [mem 0xfd100000-0xfd1fffff]
[    0.254328] pci 0000:00:18.0:   bridge window [mem 0xe7700000-0xe77fffff 64bit pref]
[    0.254556] pci 0000:00:18.1: PCI bridge to [bus 1c]
[    0.254571] pci 0000:00:18.1:   bridge window [io  0xb000-0xbfff]
[    0.254586] pci 0000:00:18.1:   bridge window [mem 0xfcd00000-0xfcdfffff]
[    0.254616] pci 0000:00:18.1:   bridge window [mem 0xe7300000-0xe73fffff 64bit pref]
[    0.254840] pci 0000:00:18.2: PCI bridge to [bus 1d]
[    0.254870] pci 0000:00:18.2:   bridge window [mem 0xfc900000-0xfc9fffff]
[    0.254899] pci 0000:00:18.2:   bridge window [mem 0xe6f00000-0xe6ffffff 64bit pref]
[    0.255175] pci 0000:00:18.3: PCI bridge to [bus 1e]
[    0.255204] pci 0000:00:18.3:   bridge window [mem 0xfc500000-0xfc5fffff]
[    0.255234] pci 0000:00:18.3:   bridge window [mem 0xe6b00000-0xe6bfffff 64bit pref]
[    0.255459] pci 0000:00:18.4: PCI bridge to [bus 1f]
[    0.255488] pci 0000:00:18.4:   bridge window [mem 0xfc100000-0xfc1fffff]
[    0.255518] pci 0000:00:18.4:   bridge window [mem 0xe6700000-0xe67fffff 64bit pref]
[    0.255746] pci 0000:00:18.5: PCI bridge to [bus 20]
[    0.255775] pci 0000:00:18.5:   bridge window [mem 0xfbd00000-0xfbdfffff]
[    0.255804] pci 0000:00:18.5:   bridge window [mem 0xe6300000-0xe63fffff 64bit pref]
[    0.256035] pci 0000:00:18.6: PCI bridge to [bus 21]
[    0.256066] pci 0000:00:18.6:   bridge window [mem 0xfb900000-0xfb9fffff]
[    0.256132] pci 0000:00:18.6:   bridge window [mem 0xe5f00000-0xe5ffffff 64bit pref]
[    0.256382] pci 0000:00:18.7: PCI bridge to [bus 22]
[    0.256411] pci 0000:00:18.7:   bridge window [mem 0xfb500000-0xfb5fffff]
[    0.256441] pci 0000:00:18.7:   bridge window [mem 0xe5b00000-0xe5bfffff 64bit pref]
[    0.258160] pci_bus 0000:00: on NUMA node 0
[    0.258267] ACPI: PCI Interrupt Link [LNKA] (IRQs 3 4 5 6 7 *9 10 11 14 15)
[    0.258323] ACPI: PCI Interrupt Link [LNKB] (IRQs 3 4 5 6 7 9 10 *11 14 15)
[    0.258376] ACPI: PCI Interrupt Link [LNKC] (IRQs 3 4 5 6 7 9 *10 11 14 15)
[    0.258430] ACPI: PCI Interrupt Link [LNKD] (IRQs 3 4 5 6 *7 9 10 11 14 15)
[    0.273087] pci 0000:00:0f.0: vgaarb: setting as boot VGA device
[    0.273087] pci 0000:00:0f.0: vgaarb: VGA device added: decodes=io+mem,owns=io+mem,locks=none
[    0.273087] pci 0000:00:0f.0: vgaarb: bridge control possible
[    0.273087] vgaarb: loaded
[    0.273087] SCSI subsystem initialized
[    0.273087] libata version 3.00 loaded.
[    0.273087] ACPI: bus type USB registered
[    0.273087] usbcore: registered new interface driver usbfs
[    0.273087] usbcore: registered new interface driver hub
[    0.273087] usbcore: registered new device driver usb
[    0.273087] EDAC MC: Ver: 3.0.0
[    0.273087] PCI: Using ACPI for IRQ routing
[    0.296453] PCI: pci_cache_line_size set to 64 bytes
[    0.297141] e820: reserve RAM buffer [mem 0x0009e800-0x0009ffff]
[    0.297142] e820: reserve RAM buffer [mem 0xbfee0000-0xbfffffff]
[    0.297143] e820: reserve RAM buffer [mem 0x38e400000-0x38fffffff]
[    0.297202] NetLabel: Initializing
[    0.297203] NetLabel:  domain hash size = 128
[    0.297203] NetLabel:  protocols = UNLABELED CIPSOv4 CALIPSO
[    0.297213] NetLabel:  unlabeled traffic allowed by default
[    0.297233] hpet0: at MMIO 0xfed00000, IRQs 2, 8, 0, 0, 0, 0, 0, 0, 0, 0, 0, 0, 0, 0, 0, 0
[    0.297233] hpet0: 16 comparators, 64-bit 14.318180 MHz counter
[    0.298205] clocksource: Switched to clocksource hpet
[    0.303749] VFS: Disk quotas dquot_6.6.0
[    0.303764] VFS: Dquot-cache hash table entries: 1024 (order 0, 4096 bytes)
[    0.303828] AppArmor: AppArmor Filesystem Enabled
[    0.303846] pnp: PnP ACPI init
[    0.303992] system 00:00: [io  0x1000-0x103f] has been reserved
[    0.303993] system 00:00: [io  0x1040-0x104f] has been reserved
[    0.303994] system 00:00: [io  0x0cf0-0x0cf1] has been reserved
[    0.303998] system 00:00: Plug and Play ACPI device, IDs PNP0c02 (active)
[    0.304017] pnp 00:01: Plug and Play ACPI device, IDs PNP0b00 (active)
[    0.304030] pnp 00:02: Plug and Play ACPI device, IDs PNP0303 (active)
[    0.304045] pnp 00:03: Plug and Play ACPI device, IDs VMW0003 PNP0f13 (active)
[    0.304195] system 00:04: [mem 0xfed00000-0xfed003ff] has been reserved
[    0.304198] system 00:04: Plug and Play ACPI device, IDs PNP0103 PNP0c01 (active)
[    0.305245] pnp 00:05: Plug and Play ACPI device, IDs PNP0501 (active)
[    0.305545] system 00:06: [io  0xfce0-0xfcff] has been reserved
[    0.305546] system 00:06: [mem 0xf0000000-0xf7ffffff] has been reserved
[    0.305548] system 00:06: [mem 0xfe800000-0xfe9fffff] has been reserved
[    0.305550] system 00:06: Plug and Play ACPI device, IDs PNP0c02 (active)
[    0.315019] pnp: PnP ACPI: found 7 devices
[    0.315021] PnPBIOS: Disabled by ACPI PNP
[    0.355890] clocksource: acpi_pm: mask: 0xffffff max_cycles: 0xffffff, max_idle_ns: 2085701024 ns
[    0.356064] pci 0000:00:15.3: bridge window [io  0x1000-0x0fff] to [bus 06] add_size 1000
[    0.356109] pci 0000:00:15.4: bridge window [io  0x1000-0x0fff] to [bus 07] add_size 1000
[    0.356154] pci 0000:00:15.5: bridge window [io  0x1000-0x0fff] to [bus 08] add_size 1000
[    0.356200] pci 0000:00:15.6: bridge window [io  0x1000-0x0fff] to [bus 09] add_size 1000
[    0.356244] pci 0000:00:15.7: bridge window [io  0x1000-0x0fff] to [bus 0a] add_size 1000
[    0.356295] pci 0000:00:16.3: bridge window [io  0x1000-0x0fff] to [bus 0e] add_size 1000
[    0.356340] pci 0000:00:16.4: bridge window [io  0x1000-0x0fff] to [bus 0f] add_size 1000
[    0.356385] pci 0000:00:16.5: bridge window [io  0x1000-0x0fff] to [bus 10] add_size 1000
[    0.356430] pci 0000:00:16.6: bridge window [io  0x1000-0x0fff] to [bus 11] add_size 1000
[    0.356474] pci 0000:00:16.7: bridge window [io  0x1000-0x0fff] to [bus 12] add_size 1000
[    0.356525] pci 0000:00:17.3: bridge window [io  0x1000-0x0fff] to [bus 16] add_size 1000
[    0.356570] pci 0000:00:17.4: bridge window [io  0x1000-0x0fff] to [bus 17] add_size 1000
[    0.356621] pci 0000:00:17.5: bridge window [io  0x1000-0x0fff] to [bus 18] add_size 1000
[    0.356666] pci 0000:00:17.6: bridge window [io  0x1000-0x0fff] to [bus 19] add_size 1000
[    0.356711] pci 0000:00:17.7: bridge window [io  0x1000-0x0fff] to [bus 1a] add_size 1000
[    0.356762] pci 0000:00:18.2: bridge window [io  0x1000-0x0fff] to [bus 1d] add_size 1000
[    0.356807] pci 0000:00:18.3: bridge window [io  0x1000-0x0fff] to [bus 1e] add_size 1000
[    0.356851] pci 0000:00:18.4: bridge window [io  0x1000-0x0fff] to [bus 1f] add_size 1000
[    0.356896] pci 0000:00:18.5: bridge window [io  0x1000-0x0fff] to [bus 20] add_size 1000
[    0.356941] pci 0000:00:18.6: bridge window [io  0x1000-0x0fff] to [bus 21] add_size 1000
[    0.356985] pci 0000:00:18.7: bridge window [io  0x1000-0x0fff] to [bus 22] add_size 1000
[    0.357003] pci 0000:00:0f.0: BAR 6: assigned [mem 0xc0000000-0xc0007fff pref]
[    0.357006] pci 0000:00:10.0: BAR 6: assigned [mem 0xc0008000-0xc000bfff pref]
[    0.357009] pci 0000:00:15.3: BAR 13: no space for [io  size 0x1000]
[    0.357010] pci 0000:00:15.3: BAR 13: failed to assign [io  size 0x1000]
[    0.357012] pci 0000:00:15.4: BAR 13: no space for [io  size 0x1000]
[    0.357013] pci 0000:00:15.4: BAR 13: failed to assign [io  size 0x1000]
[    0.357015] pci 0000:00:15.5: BAR 13: no space for [io  size 0x1000]
[    0.357016] pci 0000:00:15.5: BAR 13: failed to assign [io  size 0x1000]
[    0.357018] pci 0000:00:15.6: BAR 13: no space for [io  size 0x1000]
[    0.357019] pci 0000:00:15.6: BAR 13: failed to assign [io  size 0x1000]
[    0.357021] pci 0000:00:15.7: BAR 13: no space for [io  size 0x1000]
[    0.357022] pci 0000:00:15.7: BAR 13: failed to assign [io  size 0x1000]
[    0.357023] pci 0000:00:16.3: BAR 13: no space for [io  size 0x1000]
[    0.357024] pci 0000:00:16.3: BAR 13: failed to assign [io  size 0x1000]
[    0.357026] pci 0000:00:16.4: BAR 13: no space for [io  size 0x1000]
[    0.357027] pci 0000:00:16.4: BAR 13: failed to assign [io  size 0x1000]
[    0.357029] pci 0000:00:16.5: BAR 13: no space for [io  size 0x1000]
[    0.357030] pci 0000:00:16.5: BAR 13: failed to assign [io  size 0x1000]
[    0.357032] pci 0000:00:16.6: BAR 13: no space for [io  size 0x1000]
[    0.357033] pci 0000:00:16.6: BAR 13: failed to assign [io  size 0x1000]
[    0.357034] pci 0000:00:16.7: BAR 13: no space for [io  size 0x1000]
[    0.357035] pci 0000:00:16.7: BAR 13: failed to assign [io  size 0x1000]
[    0.357037] pci 0000:00:17.3: BAR 13: no space for [io  size 0x1000]
[    0.357038] pci 0000:00:17.3: BAR 13: failed to assign [io  size 0x1000]
[    0.357040] pci 0000:00:17.4: BAR 13: no space for [io  size 0x1000]
[    0.357041] pci 0000:00:17.4: BAR 13: failed to assign [io  size 0x1000]
[    0.357042] pci 0000:00:17.5: BAR 13: no space for [io  size 0x1000]
[    0.357043] pci 0000:00:17.5: BAR 13: failed to assign [io  size 0x1000]
[    0.357045] pci 0000:00:17.6: BAR 13: no space for [io  size 0x1000]
[    0.357046] pci 0000:00:17.6: BAR 13: failed to assign [io  size 0x1000]
[    0.357048] pci 0000:00:17.7: BAR 13: no space for [io  size 0x1000]
[    0.357049] pci 0000:00:17.7: BAR 13: failed to assign [io  size 0x1000]
[    0.357051] pci 0000:00:18.2: BAR 13: no space for [io  size 0x1000]
[    0.357052] pci 0000:00:18.2: BAR 13: failed to assign [io  size 0x1000]
[    0.357053] pci 0000:00:18.3: BAR 13: no space for [io  size 0x1000]
[    0.357054] pci 0000:00:18.3: BAR 13: failed to assign [io  size 0x1000]
[    0.357056] pci 0000:00:18.4: BAR 13: no space for [io  size 0x1000]
[    0.357057] pci 0000:00:18.4: BAR 13: failed to assign [io  size 0x1000]
[    0.357059] pci 0000:00:18.5: BAR 13: no space for [io  size 0x1000]
[    0.357060] pci 0000:00:18.5: BAR 13: failed to assign [io  size 0x1000]
[    0.357061] pci 0000:00:18.6: BAR 13: no space for [io  size 0x1000]
[    0.357063] pci 0000:00:18.6: BAR 13: failed to assign [io  size 0x1000]
[    0.357064] pci 0000:00:18.7: BAR 13: no space for [io  size 0x1000]
[    0.357065] pci 0000:00:18.7: BAR 13: failed to assign [io  size 0x1000]
[    0.357069] pci 0000:00:18.7: BAR 13: no space for [io  size 0x1000]
[    0.357070] pci 0000:00:18.7: BAR 13: failed to assign [io  size 0x1000]
[    0.357072] pci 0000:00:18.6: BAR 13: no space for [io  size 0x1000]
[    0.357073] pci 0000:00:18.6: BAR 13: failed to assign [io  size 0x1000]
[    0.357074] pci 0000:00:18.5: BAR 13: no space for [io  size 0x1000]
[    0.357075] pci 0000:00:18.5: BAR 13: failed to assign [io  size 0x1000]
[    0.357077] pci 0000:00:18.4: BAR 13: no space for [io  size 0x1000]
[    0.357078] pci 0000:00:18.4: BAR 13: failed to assign [io  size 0x1000]
[    0.357080] pci 0000:00:18.3: BAR 13: no space for [io  size 0x1000]
[    0.357081] pci 0000:00:18.3: BAR 13: failed to assign [io  size 0x1000]
[    0.357083] pci 0000:00:18.2: BAR 13: no space for [io  size 0x1000]
[    0.357084] pci 0000:00:18.2: BAR 13: failed to assign [io  size 0x1000]
[    0.357085] pci 0000:00:17.7: BAR 13: no space for [io  size 0x1000]
[    0.357086] pci 0000:00:17.7: BAR 13: failed to assign [io  size 0x1000]
[    0.357088] pci 0000:00:17.6: BAR 13: no space for [io  size 0x1000]
[    0.357089] pci 0000:00:17.6: BAR 13: failed to assign [io  size 0x1000]
[    0.357091] pci 0000:00:17.5: BAR 13: no space for [io  size 0x1000]
[    0.357092] pci 0000:00:17.5: BAR 13: failed to assign [io  size 0x1000]
[    0.357094] pci 0000:00:17.4: BAR 13: no space for [io  size 0x1000]
[    0.357095] pci 0000:00:17.4: BAR 13: failed to assign [io  size 0x1000]
[    0.357096] pci 0000:00:17.3: BAR 13: no space for [io  size 0x1000]
[    0.357097] pci 0000:00:17.3: BAR 13: failed to assign [io  size 0x1000]
[    0.357099] pci 0000:00:16.7: BAR 13: no space for [io  size 0x1000]
[    0.357100] pci 0000:00:16.7: BAR 13: failed to assign [io  size 0x1000]
[    0.357102] pci 0000:00:16.6: BAR 13: no space for [io  size 0x1000]
[    0.357103] pci 0000:00:16.6: BAR 13: failed to assign [io  size 0x1000]
[    0.357104] pci 0000:00:16.5: BAR 13: no space for [io  size 0x1000]
[    0.357105] pci 0000:00:16.5: BAR 13: failed to assign [io  size 0x1000]
[    0.357107] pci 0000:00:16.4: BAR 13: no space for [io  size 0x1000]
[    0.357108] pci 0000:00:16.4: BAR 13: failed to assign [io  size 0x1000]
[    0.357109] pci 0000:00:16.3: BAR 13: no space for [io  size 0x1000]
[    0.357110] pci 0000:00:16.3: BAR 13: failed to assign [io  size 0x1000]
[    0.357112] pci 0000:00:15.7: BAR 13: no space for [io  size 0x1000]
[    0.357113] pci 0000:00:15.7: BAR 13: failed to assign [io  size 0x1000]
[    0.357115] pci 0000:00:15.6: BAR 13: no space for [io  size 0x1000]
[    0.357116] pci 0000:00:15.6: BAR 13: failed to assign [io  size 0x1000]
[    0.357117] pci 0000:00:15.5: BAR 13: no space for [io  size 0x1000]
[    0.357118] pci 0000:00:15.5: BAR 13: failed to assign [io  size 0x1000]
[    0.357120] pci 0000:00:15.4: BAR 13: no space for [io  size 0x1000]
[    0.357121] pci 0000:00:15.4: BAR 13: failed to assign [io  size 0x1000]
[    0.357123] pci 0000:00:15.3: BAR 13: no space for [io  size 0x1000]
[    0.357124] pci 0000:00:15.3: BAR 13: failed to assign [io  size 0x1000]
[    0.357126] pci 0000:00:01.0: PCI bridge to [bus 01]
[    0.357176] pci 0000:02:01.0: BAR 6: assigned [mem 0xfd500000-0xfd50ffff pref]
[    0.357178] pci 0000:02:05.0: BAR 6: assigned [mem 0xfd510000-0xfd51ffff pref]
[    0.357180] pci 0000:00:11.0: PCI bridge to [bus 02]
[    0.357189] pci 0000:00:11.0:   bridge window [io  0x2000-0x3fff]
[    0.357211] pci 0000:00:11.0:   bridge window [mem 0xfd500000-0xfdffffff]
[    0.357227] pci 0000:00:11.0:   bridge window [mem 0xe7b00000-0xe7ffffff 64bit pref]
[    0.357257] pci 0000:00:15.0: PCI bridge to [bus 03]
[    0.357265] pci 0000:00:15.0:   bridge window [io  0x4000-0x4fff]
[    0.357288] pci 0000:00:15.0:   bridge window [mem 0xfd400000-0xfd4fffff]
[    0.357303] pci 0000:00:15.0:   bridge window [mem 0xe7a00000-0xe7afffff 64bit pref]
[    0.357354] pci 0000:00:15.1: PCI bridge to [bus 04]
[    0.357363] pci 0000:00:15.1:   bridge window [io  0x8000-0x8fff]
[    0.357386] pci 0000:00:15.1:   bridge window [mem 0xfd000000-0xfd0fffff]
[    0.357401] pci 0000:00:15.1:   bridge window [mem 0xe7600000-0xe76fffff 64bit pref]
[    0.357439] pci 0000:00:15.2: PCI bridge to [bus 05]
[    0.357448] pci 0000:00:15.2:   bridge window [io  0xc000-0xcfff]
[    0.357470] pci 0000:00:15.2:   bridge window [mem 0xfcc00000-0xfccfffff]
[    0.357486] pci 0000:00:15.2:   bridge window [mem 0xe7200000-0xe72fffff 64bit pref]
[    0.357530] pci 0000:00:15.3: PCI bridge to [bus 06]
[    0.357553] pci 0000:00:15.3:   bridge window [mem 0xfc800000-0xfc8fffff]
[    0.357569] pci 0000:00:15.3:   bridge window [mem 0xe6e00000-0xe6efffff 64bit pref]
[    0.357605] pci 0000:00:15.4: PCI bridge to [bus 07]
[    0.357628] pci 0000:00:15.4:   bridge window [mem 0xfc400000-0xfc4fffff]
[    0.357643] pci 0000:00:15.4:   bridge window [mem 0xe6a00000-0xe6afffff 64bit pref]
[    0.357678] pci 0000:00:15.5: PCI bridge to [bus 08]
[    0.357702] pci 0000:00:15.5:   bridge window [mem 0xfc000000-0xfc0fffff]
[    0.357717] pci 0000:00:15.5:   bridge window [mem 0xe6600000-0xe66fffff 64bit pref]
[    0.357753] pci 0000:00:15.6: PCI bridge to [bus 09]
[    0.357776] pci 0000:00:15.6:   bridge window [mem 0xfbc00000-0xfbcfffff]
[    0.357791] pci 0000:00:15.6:   bridge window [mem 0xe6200000-0xe62fffff 64bit pref]
[    0.357827] pci 0000:00:15.7: PCI bridge to [bus 0a]
[    0.357850] pci 0000:00:15.7:   bridge window [mem 0xfb800000-0xfb8fffff]
[    0.357865] pci 0000:00:15.7:   bridge window [mem 0xe5e00000-0xe5efffff 64bit pref]
[    0.357901] pci 0000:00:16.0: PCI bridge to [bus 0b]
[    0.357910] pci 0000:00:16.0:   bridge window [io  0x5000-0x5fff]
[    0.357932] pci 0000:00:16.0:   bridge window [mem 0xfd300000-0xfd3fffff]
[    0.357948] pci 0000:00:16.0:   bridge window [mem 0xe7900000-0xe79fffff 64bit pref]
[    0.357983] pci 0000:00:16.1: PCI bridge to [bus 0c]
[    0.357992] pci 0000:00:16.1:   bridge window [io  0x9000-0x9fff]
[    0.358015] pci 0000:00:16.1:   bridge window [mem 0xfcf00000-0xfcffffff]
[    0.358030] pci 0000:00:16.1:   bridge window [mem 0xe7500000-0xe75fffff 64bit pref]
[    0.358066] pci 0000:00:16.2: PCI bridge to [bus 0d]
[    0.358074] pci 0000:00:16.2:   bridge window [io  0xd000-0xdfff]
[    0.358097] pci 0000:00:16.2:   bridge window [mem 0xfcb00000-0xfcbfffff]
[    0.358112] pci 0000:00:16.2:   bridge window [mem 0xe7100000-0xe71fffff 64bit pref]
[    0.358148] pci 0000:00:16.3: PCI bridge to [bus 0e]
[    0.358171] pci 0000:00:16.3:   bridge window [mem 0xfc700000-0xfc7fffff]
[    0.358187] pci 0000:00:16.3:   bridge window [mem 0xe6d00000-0xe6dfffff 64bit pref]
[    0.358222] pci 0000:00:16.4: PCI bridge to [bus 0f]
[    0.358245] pci 0000:00:16.4:   bridge window [mem 0xfc300000-0xfc3fffff]
[    0.358260] pci 0000:00:16.4:   bridge window [mem 0xe6900000-0xe69fffff 64bit pref]
[    0.358295] pci 0000:00:16.5: PCI bridge to [bus 10]
[    0.358319] pci 0000:00:16.5:   bridge window [mem 0xfbf00000-0xfbffffff]
[    0.358334] pci 0000:00:16.5:   bridge window [mem 0xe6500000-0xe65fffff 64bit pref]
[    0.358369] pci 0000:00:16.6: PCI bridge to [bus 11]
[    0.358392] pci 0000:00:16.6:   bridge window [mem 0xfbb00000-0xfbbfffff]
[    0.358408] pci 0000:00:16.6:   bridge window [mem 0xe6100000-0xe61fffff 64bit pref]
[    0.358443] pci 0000:00:16.7: PCI bridge to [bus 12]
[    0.358466] pci 0000:00:16.7:   bridge window [mem 0xfb700000-0xfb7fffff]
[    0.358482] pci 0000:00:16.7:   bridge window [mem 0xe5d00000-0xe5dfffff 64bit pref]
[    0.358524] pci 0000:00:17.0: PCI bridge to [bus 13]
[    0.358533] pci 0000:00:17.0:   bridge window [io  0x6000-0x6fff]
[    0.358556] pci 0000:00:17.0:   bridge window [mem 0xfd200000-0xfd2fffff]
[    0.358571] pci 0000:00:17.0:   bridge window [mem 0xe7800000-0xe78fffff 64bit pref]
[    0.358607] pci 0000:00:17.1: PCI bridge to [bus 14]
[    0.358616] pci 0000:00:17.1:   bridge window [io  0xa000-0xafff]
[    0.358639] pci 0000:00:17.1:   bridge window [mem 0xfce00000-0xfcefffff]
[    0.358654] pci 0000:00:17.1:   bridge window [mem 0xe7400000-0xe74fffff 64bit pref]
[    0.358690] pci 0000:00:17.2: PCI bridge to [bus 15]
[    0.358699] pci 0000:00:17.2:   bridge window [io  0xe000-0xefff]
[    0.358721] pci 0000:00:17.2:   bridge window [mem 0xfca00000-0xfcafffff]
[    0.358737] pci 0000:00:17.2:   bridge window [mem 0xe7000000-0xe70fffff 64bit pref]
[    0.358772] pci 0000:00:17.3: PCI bridge to [bus 16]
[    0.358796] pci 0000:00:17.3:   bridge window [mem 0xfc600000-0xfc6fffff]
[    0.358811] pci 0000:00:17.3:   bridge window [mem 0xe6c00000-0xe6cfffff 64bit pref]
[    0.358847] pci 0000:00:17.4: PCI bridge to [bus 17]
[    0.358869] pci 0000:00:17.4:   bridge window [mem 0xfc200000-0xfc2fffff]
[    0.358885] pci 0000:00:17.4:   bridge window [mem 0xe6800000-0xe68fffff 64bit pref]
[    0.358920] pci 0000:00:17.5: PCI bridge to [bus 18]
[    0.358943] pci 0000:00:17.5:   bridge window [mem 0xfbe00000-0xfbefffff]
[    0.358959] pci 0000:00:17.5:   bridge window [mem 0xe6400000-0xe64fffff 64bit pref]
[    0.358994] pci 0000:00:17.6: PCI bridge to [bus 19]
[    0.359017] pci 0000:00:17.6:   bridge window [mem 0xfba00000-0xfbafffff]
[    0.359032] pci 0000:00:17.6:   bridge window [mem 0xe6000000-0xe60fffff 64bit pref]
[    0.359068] pci 0000:00:17.7: PCI bridge to [bus 1a]
[    0.359091] pci 0000:00:17.7:   bridge window [mem 0xfb600000-0xfb6fffff]
[    0.359106] pci 0000:00:17.7:   bridge window [mem 0xe5c00000-0xe5cfffff 64bit pref]
[    0.359142] pci 0000:00:18.0: PCI bridge to [bus 1b]
[    0.359150] pci 0000:00:18.0:   bridge window [io  0x7000-0x7fff]
[    0.359173] pci 0000:00:18.0:   bridge window [mem 0xfd100000-0xfd1fffff]
[    0.359189] pci 0000:00:18.0:   bridge window [mem 0xe7700000-0xe77fffff 64bit pref]
[    0.359224] pci 0000:00:18.1: PCI bridge to [bus 1c]
[    0.359233] pci 0000:00:18.1:   bridge window [io  0xb000-0xbfff]
[    0.359256] pci 0000:00:18.1:   bridge window [mem 0xfcd00000-0xfcdfffff]
[    0.359271] pci 0000:00:18.1:   bridge window [mem 0xe7300000-0xe73fffff 64bit pref]
[    0.359306] pci 0000:00:18.2: PCI bridge to [bus 1d]
[    0.359329] pci 0000:00:18.2:   bridge window [mem 0xfc900000-0xfc9fffff]
[    0.359345] pci 0000:00:18.2:   bridge window [mem 0xe6f00000-0xe6ffffff 64bit pref]
[    0.359381] pci 0000:00:18.3: PCI bridge to [bus 1e]
[    0.359423] pci 0000:00:18.3:   bridge window [mem 0xfc500000-0xfc5fffff]
[    0.359439] pci 0000:00:18.3:   bridge window [mem 0xe6b00000-0xe6bfffff 64bit pref]
[    0.359490] pci 0000:00:18.4: PCI bridge to [bus 1f]
[    0.359538] pci 0000:00:18.4:   bridge window [mem 0xfc100000-0xfc1fffff]
[    0.359570] pci 0000:00:18.4:   bridge window [mem 0xe6700000-0xe67fffff 64bit pref]
[    0.359619] pci 0000:00:18.5: PCI bridge to [bus 20]
[    0.359643] pci 0000:00:18.5:   bridge window [mem 0xfbd00000-0xfbdfffff]
[    0.359658] pci 0000:00:18.5:   bridge window [mem 0xe6300000-0xe63fffff 64bit pref]
[    0.359694] pci 0000:00:18.6: PCI bridge to [bus 21]
[    0.359717] pci 0000:00:18.6:   bridge window [mem 0xfb900000-0xfb9fffff]
[    0.359732] pci 0000:00:18.6:   bridge window [mem 0xe5f00000-0xe5ffffff 64bit pref]
[    0.359767] pci 0000:00:18.7: PCI bridge to [bus 22]
[    0.359790] pci 0000:00:18.7:   bridge window [mem 0xfb500000-0xfb5fffff]
[    0.359806] pci 0000:00:18.7:   bridge window [mem 0xe5b00000-0xe5bfffff 64bit pref]
[    0.359842] pci_bus 0000:00: resource 4 [mem 0x000a0000-0x000bffff window]
[    0.359843] pci_bus 0000:00: resource 5 [mem 0x000d0000-0x000d3fff window]
[    0.359844] pci_bus 0000:00: resource 6 [mem 0x000d4000-0x000d7fff window]
[    0.359845] pci_bus 0000:00: resource 7 [mem 0x000d8000-0x000dbfff window]
[    0.359846] pci_bus 0000:00: resource 8 [mem 0xc0000000-0xfebfffff window]
[    0.359848] pci_bus 0000:00: resource 9 [io  0x0000-0x0cf7 window]
[    0.359849] pci_bus 0000:00: resource 10 [io  0x0d00-0xfeff window]
[    0.359850] pci_bus 0000:02: resource 0 [io  0x2000-0x3fff]
[    0.359851] pci_bus 0000:02: resource 1 [mem 0xfd500000-0xfdffffff]
[    0.359852] pci_bus 0000:02: resource 2 [mem 0xe7b00000-0xe7ffffff 64bit pref]
[    0.359853] pci_bus 0000:02: resource 4 [mem 0x000a0000-0x000bffff window]
[    0.359854] pci_bus 0000:02: resource 5 [mem 0x000d0000-0x000d3fff window]
[    0.359856] pci_bus 0000:02: resource 6 [mem 0x000d4000-0x000d7fff window]
[    0.359857] pci_bus 0000:02: resource 7 [mem 0x000d8000-0x000dbfff window]
[    0.359858] pci_bus 0000:02: resource 8 [mem 0xc0000000-0xfebfffff window]
[    0.359859] pci_bus 0000:02: resource 9 [io  0x0000-0x0cf7 window]
[    0.359860] pci_bus 0000:02: resource 10 [io  0x0d00-0xfeff window]
[    0.359861] pci_bus 0000:03: resource 0 [io  0x4000-0x4fff]
[    0.359862] pci_bus 0000:03: resource 1 [mem 0xfd400000-0xfd4fffff]
[    0.359863] pci_bus 0000:03: resource 2 [mem 0xe7a00000-0xe7afffff 64bit pref]
[    0.359864] pci_bus 0000:04: resource 0 [io  0x8000-0x8fff]
[    0.359865] pci_bus 0000:04: resource 1 [mem 0xfd000000-0xfd0fffff]
[    0.359866] pci_bus 0000:04: resource 2 [mem 0xe7600000-0xe76fffff 64bit pref]
[    0.359867] pci_bus 0000:05: resource 0 [io  0xc000-0xcfff]
[    0.359868] pci_bus 0000:05: resource 1 [mem 0xfcc00000-0xfccfffff]
[    0.359870] pci_bus 0000:05: resource 2 [mem 0xe7200000-0xe72fffff 64bit pref]
[    0.359871] pci_bus 0000:06: resource 1 [mem 0xfc800000-0xfc8fffff]
[    0.359872] pci_bus 0000:06: resource 2 [mem 0xe6e00000-0xe6efffff 64bit pref]
[    0.359873] pci_bus 0000:07: resource 1 [mem 0xfc400000-0xfc4fffff]
[    0.359874] pci_bus 0000:07: resource 2 [mem 0xe6a00000-0xe6afffff 64bit pref]
[    0.359875] pci_bus 0000:08: resource 1 [mem 0xfc000000-0xfc0fffff]
[    0.359876] pci_bus 0000:08: resource 2 [mem 0xe6600000-0xe66fffff 64bit pref]
[    0.359877] pci_bus 0000:09: resource 1 [mem 0xfbc00000-0xfbcfffff]
[    0.359878] pci_bus 0000:09: resource 2 [mem 0xe6200000-0xe62fffff 64bit pref]
[    0.359880] pci_bus 0000:0a: resource 1 [mem 0xfb800000-0xfb8fffff]
[    0.359881] pci_bus 0000:0a: resource 2 [mem 0xe5e00000-0xe5efffff 64bit pref]
[    0.359882] pci_bus 0000:0b: resource 0 [io  0x5000-0x5fff]
[    0.359883] pci_bus 0000:0b: resource 1 [mem 0xfd300000-0xfd3fffff]
[    0.359884] pci_bus 0000:0b: resource 2 [mem 0xe7900000-0xe79fffff 64bit pref]
[    0.359885] pci_bus 0000:0c: resource 0 [io  0x9000-0x9fff]
[    0.359886] pci_bus 0000:0c: resource 1 [mem 0xfcf00000-0xfcffffff]
[    0.359887] pci_bus 0000:0c: resource 2 [mem 0xe7500000-0xe75fffff 64bit pref]
[    0.359888] pci_bus 0000:0d: resource 0 [io  0xd000-0xdfff]
[    0.359889] pci_bus 0000:0d: resource 1 [mem 0xfcb00000-0xfcbfffff]
[    0.359890] pci_bus 0000:0d: resource 2 [mem 0xe7100000-0xe71fffff 64bit pref]
[    0.359891] pci_bus 0000:0e: resource 1 [mem 0xfc700000-0xfc7fffff]
[    0.359892] pci_bus 0000:0e: resource 2 [mem 0xe6d00000-0xe6dfffff 64bit pref]
[    0.359893] pci_bus 0000:0f: resource 1 [mem 0xfc300000-0xfc3fffff]
[    0.359894] pci_bus 0000:0f: resource 2 [mem 0xe6900000-0xe69fffff 64bit pref]
[    0.359896] pci_bus 0000:10: resource 1 [mem 0xfbf00000-0xfbffffff]
[    0.359897] pci_bus 0000:10: resource 2 [mem 0xe6500000-0xe65fffff 64bit pref]
[    0.359898] pci_bus 0000:11: resource 1 [mem 0xfbb00000-0xfbbfffff]
[    0.359899] pci_bus 0000:11: resource 2 [mem 0xe6100000-0xe61fffff 64bit pref]
[    0.359900] pci_bus 0000:12: resource 1 [mem 0xfb700000-0xfb7fffff]
[    0.359901] pci_bus 0000:12: resource 2 [mem 0xe5d00000-0xe5dfffff 64bit pref]
[    0.359902] pci_bus 0000:13: resource 0 [io  0x6000-0x6fff]
[    0.359903] pci_bus 0000:13: resource 1 [mem 0xfd200000-0xfd2fffff]
[    0.359904] pci_bus 0000:13: resource 2 [mem 0xe7800000-0xe78fffff 64bit pref]
[    0.359905] pci_bus 0000:14: resource 0 [io  0xa000-0xafff]
[    0.359906] pci_bus 0000:14: resource 1 [mem 0xfce00000-0xfcefffff]
[    0.359907] pci_bus 0000:14: resource 2 [mem 0xe7400000-0xe74fffff 64bit pref]
[    0.359908] pci_bus 0000:15: resource 0 [io  0xe000-0xefff]
[    0.359909] pci_bus 0000:15: resource 1 [mem 0xfca00000-0xfcafffff]
[    0.359910] pci_bus 0000:15: resource 2 [mem 0xe7000000-0xe70fffff 64bit pref]
[    0.359912] pci_bus 0000:16: resource 1 [mem 0xfc600000-0xfc6fffff]
[    0.359913] pci_bus 0000:16: resource 2 [mem 0xe6c00000-0xe6cfffff 64bit pref]
[    0.359914] pci_bus 0000:17: resource 1 [mem 0xfc200000-0xfc2fffff]
[    0.359915] pci_bus 0000:17: resource 2 [mem 0xe6800000-0xe68fffff 64bit pref]
[    0.359916] pci_bus 0000:18: resource 1 [mem 0xfbe00000-0xfbefffff]
[    0.359917] pci_bus 0000:18: resource 2 [mem 0xe6400000-0xe64fffff 64bit pref]
[    0.359918] pci_bus 0000:19: resource 1 [mem 0xfba00000-0xfbafffff]
[    0.359919] pci_bus 0000:19: resource 2 [mem 0xe6000000-0xe60fffff 64bit pref]
[    0.359920] pci_bus 0000:1a: resource 1 [mem 0xfb600000-0xfb6fffff]
[    0.359921] pci_bus 0000:1a: resource 2 [mem 0xe5c00000-0xe5cfffff 64bit pref]
[    0.359922] pci_bus 0000:1b: resource 0 [io  0x7000-0x7fff]
[    0.359923] pci_bus 0000:1b: resource 1 [mem 0xfd100000-0xfd1fffff]
[    0.359924] pci_bus 0000:1b: resource 2 [mem 0xe7700000-0xe77fffff 64bit pref]
[    0.359926] pci_bus 0000:1c: resource 0 [io  0xb000-0xbfff]
[    0.359927] pci_bus 0000:1c: resource 1 [mem 0xfcd00000-0xfcdfffff]
[    0.359928] pci_bus 0000:1c: resource 2 [mem 0xe7300000-0xe73fffff 64bit pref]
[    0.359929] pci_bus 0000:1d: resource 1 [mem 0xfc900000-0xfc9fffff]
[    0.359930] pci_bus 0000:1d: resource 2 [mem 0xe6f00000-0xe6ffffff 64bit pref]
[    0.359931] pci_bus 0000:1e: resource 1 [mem 0xfc500000-0xfc5fffff]
[    0.359932] pci_bus 0000:1e: resource 2 [mem 0xe6b00000-0xe6bfffff 64bit pref]
[    0.359933] pci_bus 0000:1f: resource 1 [mem 0xfc100000-0xfc1fffff]
[    0.359934] pci_bus 0000:1f: resource 2 [mem 0xe6700000-0xe67fffff 64bit pref]
[    0.359935] pci_bus 0000:20: resource 1 [mem 0xfbd00000-0xfbdfffff]
[    0.359936] pci_bus 0000:20: resource 2 [mem 0xe6300000-0xe63fffff 64bit pref]
[    0.359937] pci_bus 0000:21: resource 1 [mem 0xfb900000-0xfb9fffff]
[    0.359938] pci_bus 0000:21: resource 2 [mem 0xe5f00000-0xe5ffffff 64bit pref]
[    0.359939] pci_bus 0000:22: resource 1 [mem 0xfb500000-0xfb5fffff]
[    0.359940] pci_bus 0000:22: resource 2 [mem 0xe5b00000-0xe5bfffff 64bit pref]
[    0.359948] NET: Registered protocol family 2
[    0.360140] TCP established hash table entries: 8192 (order: 3, 32768 bytes)
[    0.360153] TCP bind hash table entries: 8192 (order: 4, 65536 bytes)
[    0.360177] TCP: Hash tables configured (established 8192 bind 8192)
[    0.360206] UDP hash table entries: 512 (order: 2, 16384 bytes)
[    0.360211] UDP-Lite hash table entries: 512 (order: 2, 16384 bytes)
[    0.360237] NET: Registered protocol family 1
[    0.360244] pci 0000:00:00.0: Limiting direct PCI/PCI transfers
[    0.360295] pci 0000:00:0f.0: Video device with shadowed ROM at [mem 0x000c0000-0x000dffff]
[    0.360402] PCI: CLS 32 bytes, default 64
[    0.360433] Trying to unpack rootfs image as initramfs...
[    2.388101] Freeing initrd memory: 168832K
[    2.388494] RAPL PMU: API unit is 2^-32 Joules, 5 fixed counters, 10737418240 ms ovfl timer
[    2.388495] RAPL PMU: hw unit of domain pp0-core 2^-0 Joules
[    2.388511] RAPL PMU: hw unit of domain package 2^-0 Joules
[    2.388512] RAPL PMU: hw unit of domain dram 2^-0 Joules
[    2.388513] RAPL PMU: hw unit of domain pp1-gpu 2^-0 Joules
[    2.388513] RAPL PMU: hw unit of domain psys 2^-0 Joules
[    2.388547] Scanning for low memory corruption every 60 seconds
[    2.389049] audit: initializing netlink subsys (disabled)
[    2.389247] audit: type=2000 audit(1506060986.388:1): state=initialized audit_enabled=0 res=1
[    2.389278] Initialise system trusted keyrings
[    2.389434] workingset: timestamp_bits=14 max_order=22 bucket_order=8
[    2.389728] fuse init (API version 7.26)
[    2.392450] Key type asymmetric registered
[    2.392451] Asymmetric key parser 'x509' registered
[    2.392459] bounce: pool size: 64 pages
[    2.392489] Block layer SCSI generic (bsg) driver version 0.4 loaded (major 249)
[    2.392608] io scheduler noop registered
[    2.392609] io scheduler deadline registered (default)
[    2.392642] io scheduler cfq registered
[    2.392643] io scheduler mq-deadline registered
[    2.392643] io scheduler kyber registered
[    2.404133] pcieport 0000:00:15.0: Signaling PME with IRQ 24
[    2.404182] pcieport 0000:00:15.1: Signaling PME with IRQ 25
[    2.404231] pcieport 0000:00:15.2: Signaling PME with IRQ 26
[    2.404280] pcieport 0000:00:15.3: Signaling PME with IRQ 27
[    2.404329] pcieport 0000:00:15.4: Signaling PME with IRQ 28
[    2.404377] pcieport 0000:00:15.5: Signaling PME with IRQ 29
[    2.404426] pcieport 0000:00:15.6: Signaling PME with IRQ 30
[    2.404475] pcieport 0000:00:15.7: Signaling PME with IRQ 31
[    2.404524] pcieport 0000:00:16.0: Signaling PME with IRQ 32
[    2.404573] pcieport 0000:00:16.1: Signaling PME with IRQ 33
[    2.404622] pcieport 0000:00:16.2: Signaling PME with IRQ 34
[    2.404671] pcieport 0000:00:16.3: Signaling PME with IRQ 35
[    2.404720] pcieport 0000:00:16.4: Signaling PME with IRQ 36
[    2.404769] pcieport 0000:00:16.5: Signaling PME with IRQ 37
[    2.404818] pcieport 0000:00:16.6: Signaling PME with IRQ 38
[    2.404867] pcieport 0000:00:16.7: Signaling PME with IRQ 39
[    2.404915] pcieport 0000:00:17.0: Signaling PME with IRQ 40
[    2.404964] pcieport 0000:00:17.1: Signaling PME with IRQ 41
[    2.405013] pcieport 0000:00:17.2: Signaling PME with IRQ 42
[    2.405062] pcieport 0000:00:17.3: Signaling PME with IRQ 43
[    2.405111] pcieport 0000:00:17.4: Signaling PME with IRQ 44
[    2.405160] pcieport 0000:00:17.5: Signaling PME with IRQ 45
[    2.405209] pcieport 0000:00:17.6: Signaling PME with IRQ 46
[    2.405258] pcieport 0000:00:17.7: Signaling PME with IRQ 47
[    2.405307] pcieport 0000:00:18.0: Signaling PME with IRQ 48
[    2.405356] pcieport 0000:00:18.1: Signaling PME with IRQ 49
[    2.405404] pcieport 0000:00:18.2: Signaling PME with IRQ 50
[    2.405453] pcieport 0000:00:18.3: Signaling PME with IRQ 51
[    2.405502] pcieport 0000:00:18.4: Signaling PME with IRQ 52
[    2.405551] pcieport 0000:00:18.5: Signaling PME with IRQ 53
[    2.405600] pcieport 0000:00:18.6: Signaling PME with IRQ 54
[    2.405649] pcieport 0000:00:18.7: Signaling PME with IRQ 55
[    2.405698] pciehp 0000:00:15.0:pcie004: Slot #160 AttnBtn+ PwrCtrl+ MRL- AttnInd- PwrInd- HotPlug+ Surprise- Interlock- NoCompl+ LLActRep+
[    2.405792] pciehp 0000:00:15.1:pcie004: Slot #161 AttnBtn+ PwrCtrl+ MRL- AttnInd- PwrInd- HotPlug+ Surprise- Interlock- NoCompl+ LLActRep+
[    2.405860] pciehp 0000:00:15.2:pcie004: Slot #162 AttnBtn+ PwrCtrl+ MRL- AttnInd- PwrInd- HotPlug+ Surprise- Interlock- NoCompl+ LLActRep+
[    2.405953] pciehp 0000:00:15.3:pcie004: Slot #163 AttnBtn+ PwrCtrl+ MRL- AttnInd- PwrInd- HotPlug+ Surprise- Interlock- NoCompl+ LLActRep+
[    2.406021] pciehp 0000:00:15.4:pcie004: Slot #164 AttnBtn+ PwrCtrl+ MRL- AttnInd- PwrInd- HotPlug+ Surprise- Interlock- NoCompl+ LLActRep+
[    2.406119] pciehp 0000:00:15.5:pcie004: Slot #165 AttnBtn+ PwrCtrl+ MRL- AttnInd- PwrInd- HotPlug+ Surprise- Interlock- NoCompl+ LLActRep+
[    2.406207] pciehp 0000:00:15.6:pcie004: Slot #166 AttnBtn+ PwrCtrl+ MRL- AttnInd- PwrInd- HotPlug+ Surprise- Interlock- NoCompl+ LLActRep+
[    2.406288] pciehp 0000:00:15.7:pcie004: Slot #167 AttnBtn+ PwrCtrl+ MRL- AttnInd- PwrInd- HotPlug+ Surprise- Interlock- NoCompl+ LLActRep+
[    2.406376] pciehp 0000:00:16.0:pcie004: Slot #192 AttnBtn+ PwrCtrl+ MRL- AttnInd- PwrInd- HotPlug+ Surprise- Interlock- NoCompl+ LLActRep+
[    2.406448] pciehp 0000:00:16.1:pcie004: Slot #193 AttnBtn+ PwrCtrl+ MRL- AttnInd- PwrInd- HotPlug+ Surprise- Interlock- NoCompl+ LLActRep+
[    2.406546] pciehp 0000:00:16.2:pcie004: Slot #194 AttnBtn+ PwrCtrl+ MRL- AttnInd- PwrInd- HotPlug+ Surprise- Interlock- NoCompl+ LLActRep+
[    2.406644] pciehp 0000:00:16.3:pcie004: Slot #195 AttnBtn+ PwrCtrl+ MRL- AttnInd- PwrInd- HotPlug+ Surprise- Interlock- NoCompl+ LLActRep+
[    2.406732] pciehp 0000:00:16.4:pcie004: Slot #196 AttnBtn+ PwrCtrl+ MRL- AttnInd- PwrInd- HotPlug+ Surprise- Interlock- NoCompl+ LLActRep+
[    2.406801] pciehp 0000:00:16.5:pcie004: Slot #197 AttnBtn+ PwrCtrl+ MRL- AttnInd- PwrInd- HotPlug+ Surprise- Interlock- NoCompl+ LLActRep+
[    2.406892] pciehp 0000:00:16.6:pcie004: Slot #198 AttnBtn+ PwrCtrl+ MRL- AttnInd- PwrInd- HotPlug+ Surprise- Interlock- NoCompl+ LLActRep+
[    2.406959] pciehp 0000:00:16.7:pcie004: Slot #199 AttnBtn+ PwrCtrl+ MRL- AttnInd- PwrInd- HotPlug+ Surprise- Interlock- NoCompl+ LLActRep+
[    2.407047] pciehp 0000:00:17.0:pcie004: Slot #224 AttnBtn+ PwrCtrl+ MRL- AttnInd- PwrInd- HotPlug+ Surprise- Interlock- NoCompl+ LLActRep+
[    2.407115] pciehp 0000:00:17.1:pcie004: Slot #225 AttnBtn+ PwrCtrl+ MRL- AttnInd- PwrInd- HotPlug+ Surprise- Interlock- NoCompl+ LLActRep+
[    2.407204] pciehp 0000:00:17.2:pcie004: Slot #226 AttnBtn+ PwrCtrl+ MRL- AttnInd- PwrInd- HotPlug+ Surprise- Interlock- NoCompl+ LLActRep+
[    2.407284] pciehp 0000:00:17.3:pcie004: Slot #227 AttnBtn+ PwrCtrl+ MRL- AttnInd- PwrInd- HotPlug+ Surprise- Interlock- NoCompl+ LLActRep+
[    2.407374] pciehp 0000:00:17.4:pcie004: Slot #228 AttnBtn+ PwrCtrl+ MRL- AttnInd- PwrInd- HotPlug+ Surprise- Interlock- NoCompl+ LLActRep+
[    2.407449] pciehp 0000:00:17.5:pcie004: Slot #229 AttnBtn+ PwrCtrl+ MRL- AttnInd- PwrInd- HotPlug+ Surprise- Interlock- NoCompl+ LLActRep+
[    2.407547] pciehp 0000:00:17.6:pcie004: Slot #230 AttnBtn+ PwrCtrl+ MRL- AttnInd- PwrInd- HotPlug+ Surprise- Interlock- NoCompl+ LLActRep+
[    2.407635] pciehp 0000:00:17.7:pcie004: Slot #231 AttnBtn+ PwrCtrl+ MRL- AttnInd- PwrInd- HotPlug+ Surprise- Interlock- NoCompl+ LLActRep+
[    2.407736] pciehp 0000:00:18.0:pcie004: Slot #256 AttnBtn+ PwrCtrl+ MRL- AttnInd- PwrInd- HotPlug+ Surprise- Interlock- NoCompl+ LLActRep+
[    2.407803] pciehp 0000:00:18.1:pcie004: Slot #257 AttnBtn+ PwrCtrl+ MRL- AttnInd- PwrInd- HotPlug+ Surprise- Interlock- NoCompl+ LLActRep+
[    2.407901] pciehp 0000:00:18.2:pcie004: Slot #258 AttnBtn+ PwrCtrl+ MRL- AttnInd- PwrInd- HotPlug+ Surprise- Interlock- NoCompl+ LLActRep+
[    2.407988] pciehp 0000:00:18.3:pcie004: Slot #259 AttnBtn+ PwrCtrl+ MRL- AttnInd- PwrInd- HotPlug+ Surprise- Interlock- NoCompl+ LLActRep+
[    2.408066] pciehp 0000:00:18.4:pcie004: Slot #260 AttnBtn+ PwrCtrl+ MRL- AttnInd- PwrInd- HotPlug+ Surprise- Interlock- NoCompl+ LLActRep+
[    2.408133] pciehp 0000:00:18.5:pcie004: Slot #261 AttnBtn+ PwrCtrl+ MRL- AttnInd- PwrInd- HotPlug+ Surprise- Interlock- NoCompl+ LLActRep+
[    2.408224] pciehp 0000:00:18.6:pcie004: Slot #262 AttnBtn+ PwrCtrl+ MRL- AttnInd- PwrInd- HotPlug+ Surprise- Interlock- NoCompl+ LLActRep+
[    2.408290] pciehp 0000:00:18.7:pcie004: Slot #263 AttnBtn+ PwrCtrl+ MRL- AttnInd- PwrInd- HotPlug+ Surprise- Interlock- NoCompl+ LLActRep+
[    2.408378] intel_idle: does not run on family 6 model 78
[    2.408381] ipmi message handler version 39.2
[    2.408462] ACPI: AC Adapter [ACAD] (on-line)
[    2.408511] input: Power Button as /devices/LNXSYSTM:00/LNXPWRBN:00/input/input0
[    2.408575] ACPI: Power Button [PWRF]
[    2.409409] isapnp: Scanning for PnP cards...
[    2.763019] isapnp: No Plug & Play device found
[    2.763199] Serial: 8250/16550 driver, 32 ports, IRQ sharing enabled
[    2.784192] 00:05: ttyS0 at I/O 0x3f8 (irq = 4, base_baud = 115200) is a 16550A
[    2.787753] Linux agpgart interface v0.103
[    2.787802] agpgart-intel 0000:00:00.0: Intel 440BX Chipset
[    2.788241] agpgart-intel 0000:00:00.0: AGP aperture is 256M @ 0x0
[    2.790180] brd: module loaded
[    2.791110] loop: module loaded
[    2.791208] ata_piix 0000:00:07.1: version 2.13
[    2.791464] scsi host0: ata_piix
[    2.791628] scsi host1: ata_piix
[    2.791649] ata1: PATA max UDMA/33 cmd 0x1f0 ctl 0x3f6 bmdma 0x1060 irq 14
[    2.791650] ata2: PATA max UDMA/33 cmd 0x170 ctl 0x376 bmdma 0x1068 irq 15
[    2.791750] libphy: Fixed MDIO Bus: probed
[    2.791821] tun: Universal TUN/TAP device driver, 1.6
[    2.791903] PPP generic driver version 2.4.2
[    2.791980] ehci_hcd: USB 2.0 'Enhanced' Host Controller (EHCI) Driver
[    2.791982] ehci-pci: EHCI PCI platform driver
[    2.791984] ehci-pci 0000:02:03.0: EHCI Host Controller
[    2.791986] ehci-pci 0000:02:03.0: new USB bus registered, assigned bus number 1
[    2.791988] ehci-pci 0000:02:03.0: cache line size of 32 is not supported
[    2.791989] ehci-pci 0000:02:03.0: irq 17, io mem 0xfd5ff000
[    2.804108] ehci-pci 0000:02:03.0: USB 2.0 started, EHCI 1.00
[    2.804167] usb usb1: New USB device found, idVendor=1d6b, idProduct=0002
[    2.804169] usb usb1: New USB device strings: Mfr=3, Product=2, SerialNumber=1
[    2.804170] usb usb1: Product: EHCI Host Controller
[    2.804172] usb usb1: Manufacturer: Linux 4.14.0-eudyptula-00036-g1528229 ehci_hcd
[    2.804173] usb usb1: SerialNumber: 0000:02:03.0
[    2.804352] hub 1-0:1.0: USB hub found
[    2.804357] hub 1-0:1.0: 6 ports detected
[    2.804483] ehci-platform: EHCI generic platform driver
[    2.804494] ohci_hcd: USB 1.1 'Open' Host Controller (OHCI) Driver
[    2.804497] ohci-pci: OHCI PCI platform driver
[    2.804509] ohci-platform: OHCI generic platform driver
[    2.804514] uhci_hcd: USB Universal Host Controller Interface driver
[    2.804563] uhci_hcd 0000:02:00.0: UHCI Host Controller
[    2.804577] uhci_hcd 0000:02:00.0: new USB bus registered, assigned bus number 2
[    2.804626] uhci_hcd 0000:02:00.0: detected 2 ports
[    2.804734] uhci_hcd 0000:02:00.0: irq 18, io base 0x000020c0
[    2.804815] usb usb2: New USB device found, idVendor=1d6b, idProduct=0001
[    2.804816] usb usb2: New USB device strings: Mfr=3, Product=2, SerialNumber=1
[    2.804818] usb usb2: Product: UHCI Host Controller
[    2.804819] usb usb2: Manufacturer: Linux 4.14.0-eudyptula-00036-g1528229 uhci_hcd
[    2.804820] usb usb2: SerialNumber: 0000:02:00.0
[    2.804959] hub 2-0:1.0: USB hub found
[    2.804964] hub 2-0:1.0: 2 ports detected
[    2.805089] i8042: PNP: PS/2 Controller [PNP0303:KBC,PNP0f13:MOUS] at 0x60,0x64 irq 1,12
[    2.805525] serio: i8042 KBD port at 0x60,0x64 irq 1
[    2.805530] serio: i8042 AUX port at 0x60,0x64 irq 12
[    2.805757] mousedev: PS/2 mouse device common for all mice
[    2.826205] rtc_cmos 00:01: rtc core: registered rtc_cmos as rtc0
[    2.826302] rtc_cmos 00:01: alarms up to one month, y3k, 114 bytes nvram, hpet irqs
[    2.826341] device-mapper: uevent: version 1.0.3
[    2.826671] device-mapper: ioctl: 4.36.0-ioctl (2017-06-09) initialised: dm-devel@redhat.com
[    2.826684] platform eisa.0: Probing EISA bus 0
[    2.826686] platform eisa.0: EISA: Cannot allocate resource for mainboard
[    2.826687] platform eisa.0: Cannot allocate resource for EISA slot 1
[    2.826688] platform eisa.0: Cannot allocate resource for EISA slot 2
[    2.826689] platform eisa.0: Cannot allocate resource for EISA slot 3
[    2.826690] platform eisa.0: Cannot allocate resource for EISA slot 4
[    2.826691] platform eisa.0: Cannot allocate resource for EISA slot 5
[    2.826692] platform eisa.0: Cannot allocate resource for EISA slot 6
[    2.826693] platform eisa.0: Cannot allocate resource for EISA slot 7
[    2.826694] platform eisa.0: Cannot allocate resource for EISA slot 8
[    2.826695] platform eisa.0: EISA: Detected 0 cards
[    2.826699] cpufreq_nforce2: No nForce2 chipset
[    2.826702] intel_pstate: Intel P-state driver initializing
[    2.826727] cpufreq: cpufreq_online: Failed to initialize policy for cpu: 0 (-19)
[    2.826777] cpufreq: cpufreq_online: Failed to initialize policy for cpu: 1 (-19)
[    2.826861] input: AT Translated Set 2 keyboard as /devices/platform/i8042/serio0/input/input1
[    2.828813] cpufreq: cpufreq_online: Failed to initialize policy for cpu: 2 (-19)
[    2.828896] cpufreq: cpufreq_online: Failed to initialize policy for cpu: 3 (-19)
[    2.829179] ledtrig-cpu: registered to indicate activity on CPUs
[    2.829364] NET: Registered protocol family 10
[    2.829670] Segment Routing with IPv6
[    2.829695] NET: Registered protocol family 17
[    2.829700] Key type dns_resolver registered
[    2.830124] Using IPI No-Shortcut mode
[    2.830135] sched_clock: Marking stable (2830073990, 0)->(3367399394, -537325404)
[    2.831367] registered taskstats version 1
[    2.831369] Loading compiled-in X.509 certificates
[    2.832852] Loaded X.509 cert 'Build time autogenerated kernel key: c0b2bf93bb052b3170db494daa7b0b2659e4a2f7'
[    2.833963] Key type trusted registered
[    2.835460] Key type encrypted registered
[    2.835462] AppArmor: AppArmor sha1 policy hashing enabled
[    2.835464] ima: No TPM chip found, activating TPM-bypass! (rc=-19)
[    2.835479] evm: HMAC attrs: 0x1
[    2.836084]   Magic number: 1:27:267
[    2.836089] platform eisa.0: hash matches
[    2.836302] rtc_cmos 00:01: setting system clock to 2017-09-22 06:16:27 UTC (1506060987)
[    2.836665] BIOS EDD facility v0.16 2004-Jun-25, 0 devices found
[    2.836666] EDD information not available.
[    2.975374] Freeing unused kernel memory: 1100K
[    2.975495] Write protecting the kernel text: 7876k
[    2.975546] Write protecting the kernel read-only data: 3172k
[    2.975547] NX-protecting the kernel data: 6460k
[    2.983432] systemd-udevd[118]: starting version 204
[    2.997710] Floppy drive(s): fd0 is 1.44M
[    3.015267] VMware vmxnet3 virtual NIC driver - version 1.4.a.0-k-NAPI
[    3.029018] VMware PVSCSI driver - version 1.0.7.0-k
[    3.029747] Fusion MPT base driver 3.04.20
[    3.029757] Copyright (c) 1999-2008 LSI Corporation
[    3.033647] pcnet32: pcnet32.c:v1.35 21.Apr.2008 tsbogend@alpha.franken.de
[    3.033821] pcnet32: PCnet/PCI II 79C970A at 0x2000, 00:0c:29:2f:68:00 assigned IRQ 19
[    3.034017] pcnet32: eth0: registered as PCnet/PCI II 79C970A
[    3.034141] pcnet32: 1 cards_found
[    3.038214] ahci 0000:02:05.0: version 3.0
[    3.039146] ahci 0000:02:05.0: AHCI 0001.0300 32 slots 30 ports 6 Gbps 0x3fffffff impl SATA mode
[    3.039160] ahci 0000:02:05.0: flags: 64bit ncq clo only 
[    3.039280] Fusion MPT SPI Host driver 3.04.20
[    3.039764] mptbase: ioc0: Initiating bringup
[    3.042199] scsi host2: ahci
[    3.042496] scsi host3: ahci
[    3.043274] scsi host4: ahci
[    3.044401] scsi host5: ahci
[    3.046522] scsi host6: ahci
[    3.046667] scsi host7: ahci
[    3.046819] scsi host8: ahci
[    3.056578] scsi host9: ahci
[    3.058298] scsi host10: ahci
[    3.058513] scsi host11: ahci
[    3.058715] scsi host12: ahci
[    3.058930] scsi host13: ahci
[    3.059137] scsi host14: ahci
[    3.059363] scsi host15: ahci
[    3.059594] scsi host16: ahci
[    3.059812] scsi host17: ahci
[    3.059994] scsi host18: ahci
[    3.060314] scsi host19: ahci
[    3.060493] scsi host20: ahci
[    3.060720] scsi host21: ahci
[    3.060905] scsi host22: ahci
[    3.061096] scsi host23: ahci
[    3.061250] scsi host24: ahci
[    3.061463] scsi host25: ahci
[    3.061600] scsi host26: ahci
[    3.061802] scsi host27: ahci
[    3.061986] scsi host28: ahci
[    3.062166] scsi host29: ahci
[    3.062331] scsi host30: ahci
[    3.062558] scsi host31: ahci
[    3.062615] ata3: SATA max UDMA/133 abar m4096@0xfd5fe000 port 0xfd5fe100 irq 56
[    3.062617] ata4: SATA max UDMA/133 abar m4096@0xfd5fe000 port 0xfd5fe180 irq 56
[    3.062618] ata5: SATA max UDMA/133 abar m4096@0xfd5fe000 port 0xfd5fe200 irq 56
[    3.062620] ata6: SATA max UDMA/133 abar m4096@0xfd5fe000 port 0xfd5fe280 irq 56
[    3.062621] ata7: SATA max UDMA/133 abar m4096@0xfd5fe000 port 0xfd5fe300 irq 56
[    3.062622] ata8: SATA max UDMA/133 abar m4096@0xfd5fe000 port 0xfd5fe380 irq 56
[    3.062623] ata9: SATA max UDMA/133 abar m4096@0xfd5fe000 port 0xfd5fe400 irq 56
[    3.062624] ata10: SATA max UDMA/133 abar m4096@0xfd5fe000 port 0xfd5fe480 irq 56
[    3.062625] ata11: SATA max UDMA/133 abar m4096@0xfd5fe000 port 0xfd5fe500 irq 56
[    3.062626] ata12: SATA max UDMA/133 abar m4096@0xfd5fe000 port 0xfd5fe580 irq 56
[    3.062628] ata13: SATA max UDMA/133 abar m4096@0xfd5fe000 port 0xfd5fe600 irq 56
[    3.062629] ata14: SATA max UDMA/133 abar m4096@0xfd5fe000 port 0xfd5fe680 irq 56
[    3.062630] ata15: SATA max UDMA/133 abar m4096@0xfd5fe000 port 0xfd5fe700 irq 56
[    3.062631] ata16: SATA max UDMA/133 abar m4096@0xfd5fe000 port 0xfd5fe780 irq 56
[    3.062632] ata17: SATA max UDMA/133 abar m4096@0xfd5fe000 port 0xfd5fe800 irq 56
[    3.062633] ata18: SATA max UDMA/133 abar m4096@0xfd5fe000 port 0xfd5fe880 irq 56
[    3.062634] ata19: SATA max UDMA/133 abar m4096@0xfd5fe000 port 0xfd5fe900 irq 56
[    3.062635] ata20: SATA max UDMA/133 abar m4096@0xfd5fe000 port 0xfd5fe980 irq 56
[    3.062636] ata21: SATA max UDMA/133 abar m4096@0xfd5fe000 port 0xfd5fea00 irq 56
[    3.062637] ata22: SATA max UDMA/133 abar m4096@0xfd5fe000 port 0xfd5fea80 irq 56
[    3.062638] ata23: SATA max UDMA/133 abar m4096@0xfd5fe000 port 0xfd5feb00 irq 56
[    3.062639] ata24: SATA max UDMA/133 abar m4096@0xfd5fe000 port 0xfd5feb80 irq 56
[    3.062640] ata25: SATA max UDMA/133 abar m4096@0xfd5fe000 port 0xfd5fec00 irq 56
[    3.062641] ata26: SATA max UDMA/133 abar m4096@0xfd5fe000 port 0xfd5fec80 irq 56
[    3.062643] ata27: SATA max UDMA/133 abar m4096@0xfd5fe000 port 0xfd5fed00 irq 56
[    3.062644] ata28: SATA max UDMA/133 abar m4096@0xfd5fe000 port 0xfd5fed80 irq 56
[    3.062645] ata29: SATA max UDMA/133 abar m4096@0xfd5fe000 port 0xfd5fee00 irq 56
[    3.062646] ata30: SATA max UDMA/133 abar m4096@0xfd5fe000 port 0xfd5fee80 irq 56
[    3.062647] ata31: SATA max UDMA/133 abar m4096@0xfd5fe000 port 0xfd5fef00 irq 56
[    3.062648] ata32: SATA max UDMA/133 abar m4096@0xfd5fe000 port 0xfd5fef80 irq 56
[    3.144140] usb 2-1: new full-speed USB device number 2 using uhci_hcd
[    3.148175] ioc0: LSI53C1030 B0: Capabilities={Initiator}
[    3.376340] ata3: SATA link down (SStatus 0 SControl 300)
[    3.379609] ata30: SATA link down (SStatus 0 SControl 300)
[    3.379609] ata7: SATA link down (SStatus 0 SControl 300)
[    3.379609] ata23: SATA link down (SStatus 0 SControl 300)
[    3.379609] ata26: SATA link down (SStatus 0 SControl 300)
[    3.379609] ata27: SATA link down (SStatus 0 SControl 300)
[    3.379609] ata11: SATA link down (SStatus 0 SControl 300)
[    3.379609] ata21: SATA link down (SStatus 0 SControl 300)
[    3.379609] ata10: SATA link down (SStatus 0 SControl 300)
[    3.379609] ata12: SATA link down (SStatus 0 SControl 300)
[    3.379609] ata20: SATA link down (SStatus 0 SControl 300)
[    3.379609] ata18: SATA link down (SStatus 0 SControl 300)
[    3.379609] ata22: SATA link down (SStatus 0 SControl 300)
[    3.379609] ata9: SATA link down (SStatus 0 SControl 300)
[    3.379609] ata24: SATA link down (SStatus 0 SControl 300)
[    3.379609] ata29: SATA link down (SStatus 0 SControl 300)
[    3.379609] ata8: SATA link down (SStatus 0 SControl 300)
[    3.379609] ata19: SATA link down (SStatus 0 SControl 300)
[    3.379609] ata31: SATA link down (SStatus 0 SControl 300)
[    3.379609] ata25: SATA link down (SStatus 0 SControl 300)
[    3.379609] ata28: SATA link down (SStatus 0 SControl 300)
[    3.379609] ata16: SATA link down (SStatus 0 SControl 300)
[    3.379758] ata32: SATA link down (SStatus 0 SControl 300)
[    3.379804] ata6: SATA link down (SStatus 0 SControl 300)
[    3.379953] ata5: SATA link down (SStatus 0 SControl 300)
[    3.380235] ata17: SATA link down (SStatus 0 SControl 300)
[    3.380318] ata13: SATA link down (SStatus 0 SControl 300)
[    3.380399] ata15: SATA link down (SStatus 0 SControl 300)
[    3.380464] ata14: SATA link down (SStatus 0 SControl 300)
[    3.380540] ata4: SATA link up 6.0 Gbps (SStatus 133 SControl 300)
[    3.380708] ata4.00: ATAPI: VMware Virtual SATA CDRW Drive, 00000001, max UDMA/33
[    3.380855] ata4.00: configured for UDMA/33
[    3.381290] scsi 3:0:0:0: CD-ROM            NECVMWar VMware SATA CD01 1.00 PQ: 0 ANSI: 5
[    3.389309] scsi host32: ioc0: LSI53C1030 B0, FwRev=01032920h, Ports=1, MaxQ=128, IRQ=17
[    3.392223] tsc: Refined TSC clocksource calibration: 2808.093 MHz
[    3.392371] clocksource: tsc: mask: 0xffffffffffffffff max_cycles: 0x287a1def897, max_idle_ns: 440795252910 ns
[    3.404067] clocksource: Switched to clocksource tsc
[    3.404108] sr 3:0:0:0: [sr0] scsi3-mmc drive: 1x/1x writer dvd-ram cd/rw xa/form2 cdda tray
[    3.404110] cdrom: Uniform CD-ROM driver Revision: 3.20
[    3.404298] sr 3:0:0:0: Attached scsi CD-ROM sr0
[    3.404463] sr 3:0:0:0: Attached scsi generic sg0 type 5
[    3.568990] scsi 32:0:0:0: Direct-Access     VMware,  VMware Virtual S 1.0  PQ: 0 ANSI: 2
[    3.569014] scsi target32:0:0: Beginning Domain Validation
[    3.570276] scsi target32:0:0: Domain Validation skipping write tests
[    3.570280] scsi target32:0:0: Ending Domain Validation
[    3.570338] scsi target32:0:0: FAST-40 WIDE SCSI 80.0 MB/s ST (25 ns, offset 127)
[    3.573687] sd 32:0:0:0: Attached scsi generic sg1 type 0
[    3.573765] sd 32:0:0:0: [sda] 272629760 512-byte logical blocks: (140 GB/130 GiB)
[    3.574028] sd 32:0:0:0: [sda] Write Protect is off
[    3.574033] sd 32:0:0:0: [sda] Mode Sense: 61 00 00 00
[    3.574131] sd 32:0:0:0: [sda] Cache data unavailable
[    3.574136] sd 32:0:0:0: [sda] Assuming drive cache: write through
[    3.628787]  sda: sda1 sda2 < sda5 >
[    3.630507] sd 32:0:0:0: [sda] Attached SCSI disk
[    3.747028] usb 2-1: New USB device found, idVendor=0e0f, idProduct=0003
[    3.747035] usb 2-1: New USB device strings: Mfr=1, Product=2, SerialNumber=0
[    3.747040] usb 2-1: Product: VMware Virtual USB Mouse
[    3.747044] usb 2-1: Manufacturer: VMware
[    3.772707] hidraw: raw HID events driver (C) Jiri Kosina
[    3.785189] usbcore: registered new interface driver usbhid
[    3.785198] usbhid: USB HID core driver
[    3.788418] input: VMware VMware Virtual USB Mouse as /devices/pci0000:00/0000:00:11.0/0000:02:00.0/usb2/2-1/2-1:1.0/0003:0E0F:0003.0001/input/input3
[    3.788480] hid-generic 0003:0E0F:0003.0001: input,hidraw0: USB HID v1.10 Mouse [VMware VMware Virtual USB Mouse] on usb-0000:02:00.0-1/input0
[    3.865590] EXT4-fs (sda1): mounted filesystem with ordered data mode. Opts: (null)
[    3.876333] usb 2-2: new full-speed USB device number 3 using uhci_hcd
[    4.026304] usb 2-2: New USB device found, idVendor=0e0f, idProduct=0002
[    4.026311] usb 2-2: New USB device strings: Mfr=0, Product=1, SerialNumber=0
[    4.026316] usb 2-2: Product: VMware Virtual USB Hub
[    4.028630] hub 2-2:1.0: USB hub found
[    4.028961] hub 2-2:1.0: 7 ports detected
[    6.112577] floppy0: no floppy controllers found
[    7.176710] init: plymouth-upstart-bridge main process (269) terminated with status 1
[    7.176780] init: plymouth-upstart-bridge main process ended, respawning
[    7.178894] init: plymouth-upstart-bridge main process (280) terminated with status 1
[    7.178916] init: plymouth-upstart-bridge main process ended, respawning
[    7.181101] init: plymouth-upstart-bridge main process (282) terminated with status 1
[    7.181156] init: plymouth-upstart-bridge main process ended, respawning
[    7.183266] init: plymouth-upstart-bridge main process (283) terminated with status 1
[    7.183288] init: plymouth-upstart-bridge main process ended, respawning
[    7.185024] init: plymouth-upstart-bridge main process (285) terminated with status 1
[    7.185047] init: plymouth-upstart-bridge main process ended, respawning
[    7.187195] init: plymouth-upstart-bridge main process (286) terminated with status 1
[    7.187217] init: plymouth-upstart-bridge main process ended, respawning
[    7.188674] init: plymouth-upstart-bridge main process (288) terminated with status 1
[    7.188685] init: plymouth-upstart-bridge main process ended, respawning
[    7.189894] init: plymouth-upstart-bridge main process (289) terminated with status 1
[    7.189921] init: plymouth-upstart-bridge main process ended, respawning
[    7.191112] init: plymouth-upstart-bridge main process (291) terminated with status 1
[    7.191123] init: plymouth-upstart-bridge main process ended, respawning
[    7.192424] init: plymouth-upstart-bridge main process (292) terminated with status 1
[    7.192434] init: plymouth-upstart-bridge main process ended, respawning
[    7.193688] init: plymouth-upstart-bridge main process (294) terminated with status 1
[    7.193698] init: plymouth-upstart-bridge respawning too fast, stopped
[    7.947542] random: crng init done
[    9.198057] Adding 13797372k swap on /dev/sda5.  Priority:-2 extents:1 across:13797372k FS
[   10.046546] systemd-udevd[398]: starting version 204
[   13.245311] vmw_vmci 0000:00:07.7: Found VMCI PCI device at 0x11080, irq 16
[   13.245427] vmw_vmci 0000:00:07.7: Using capabilities 0xc
[   13.246176] Guest personality initialized and is active
[   13.246298] VMCI host device registered (name=vmci, major=10, minor=56)
[   13.246299] Initialized host personality
[   13.298308] Floppy drive(s): fd0 is 1.44M
[   13.345812] lp: driver loaded but no devices found
[   13.691436] ppdev: user-space parallel port driver
[   13.694154] EXT4-fs (sda1): re-mounted. Opts: errors=remount-ro
[   13.700582] audit: type=1400 audit(1506060998.358:2): apparmor="STATUS" operation="profile_load" profile="unconfined" name="/sbin/dhclient" pid=446 comm="apparmor_parser"
[   13.700586] audit: type=1400 audit(1506060998.358:3): apparmor="STATUS" operation="profile_load" profile="unconfined" name="/usr/lib/NetworkManager/nm-dhcp-client.action" pid=446 comm="apparmor_parser"
[   13.700587] audit: type=1400 audit(1506060998.358:4): apparmor="STATUS" operation="profile_load" profile="unconfined" name="/usr/lib/connman/scripts/dhclient-script" pid=446 comm="apparmor_parser"
[   13.700589] audit: type=1400 audit(1506060998.358:5): apparmor="STATUS" operation="profile_replace" profile="unconfined" name="/usr/lib/NetworkManager/nm-dhcp-client.action" pid=446 comm="apparmor_parser"
[   13.700591] audit: type=1400 audit(1506060998.358:6): apparmor="STATUS" operation="profile_replace" profile="unconfined" name="/usr/lib/connman/scripts/dhclient-script" pid=446 comm="apparmor_parser"
[   13.700592] audit: type=1400 audit(1506060998.362:7): apparmor="STATUS" operation="profile_replace" profile="unconfined" name="/usr/lib/connman/scripts/dhclient-script" pid=446 comm="apparmor_parser"
[   13.893232] shpchp: Standard Hot Plug PCI Controller Driver version: 0.4
[   13.951259] piix4_smbus 0000:00:07.3: SMBus Host Controller not enabled!
[   15.794703] input: ImPS/2 Generic Wheel Mouse as /devices/platform/i8042/serio1/input/input4
[   16.454552] floppy0: no floppy controllers found
[   16.454620] work still pending
[   18.453943] init: failsafe main process (655) killed by TERM signal
[   18.762429] [drm] DMA map mode: Using physical TTM page addresses.
[   18.762560] [drm] Capabilities:
[   18.762560] [drm]   Rect copy.
[   18.762561] [drm]   Cursor.
[   18.762561] [drm]   Cursor bypass.
[   18.762561] [drm]   Cursor bypass 2.
[   18.762562] [drm]   8bit emulation.
[   18.762562] [drm]   Alpha cursor.
[   18.762562] [drm]   3D.
[   18.762562] [drm]   Extended Fifo.
[   18.762563] [drm]   Multimon.
[   18.762563] [drm]   Pitchlock.
[   18.762563] [drm]   Irq mask.
[   18.762564] [drm]   Display Topology.
[   18.762564] [drm]   GMR.
[   18.762564] [drm]   Traces.
[   18.762564] [drm]   GMR2.
[   18.762565] [drm]   Screen Object 2.
[   18.762565] [drm]   Command Buffers.
[   18.762565] [drm]   Command Buffers 2.
[   18.762566] [drm]   Guest Backed Resources.
[   18.762566] [drm]   DX Features.
[   18.762566] [drm] Max GMR ids is 64
[   18.762567] [drm] Max number of GMR pages is 65536
[   18.762567] [drm] Max dedicated hypervisor surface memory is 0 kiB
[   18.762567] [drm] Maximum display memory size is 32768 kiB
[   18.762568] [drm] VRAM at 0xe8000000 size is 4096 kiB
[   18.762569] [drm] MMIO at 0xfe000000 size is 256 kiB
[   18.762570] [drm] global init.
[   18.762855] [TTM] Zone  kernel: Available graphics memory: 376466 kiB
[   18.762856] [TTM] Zone highmem: Available graphics memory: 6852182 kiB
[   18.762856] [TTM] Initializing pool allocator
[   18.762859] [TTM] Initializing DMA pool allocator
[   18.763141] [drm] Supports vblank timestamp caching Rev 2 (21.10.2013).
[   18.763142] [drm] No driver support for vblank timestamp query.
[   18.763398] [drm] Screen Target Display device initialized
[   18.763427] [drm] width 640
[   18.763433] [drm] height 480
[   18.763439] [drm] bpp 32
[   18.765201] [drm] Fifo max 0x00040000 min 0x00001000 cap 0x0000077f
[   18.765828] [drm] Using command buffers with DMA pool.
[   18.765837] [drm] DX: yes.
[   18.765838] [drm] Atomic: yes
[   18.768838] fbcon: svgadrmfb (fb0) is primary device
[   18.770400] Console: switching to colour frame buffer device 100x37
[   18.771420] [drm] Initialized vmwgfx 2.14.0 20170612 for 0000:00:0f.0 on minor 0
[   19.047101] audit: type=1400 audit(1506061003.706:8): apparmor="STATUS" operation="profile_replace" info="same as current profile, skipping" profile="unconfined" name="/sbin/dhclient" pid=759 comm="apparmor_parser"
[   19.047107] audit: type=1400 audit(1506061003.706:9): apparmor="STATUS" operation="profile_replace" profile="unconfined" name="/usr/lib/NetworkManager/nm-dhcp-client.action" pid=759 comm="apparmor_parser"
[   19.047111] audit: type=1400 audit(1506061003.706:10): apparmor="STATUS" operation="profile_replace" profile="unconfined" name="/usr/lib/connman/scripts/dhclient-script" pid=759 comm="apparmor_parser"
[   19.048982] audit: type=1400 audit(1506061003.706:11): apparmor="STATUS" operation="profile_replace" profile="unconfined" name="/usr/lib/NetworkManager/nm-dhcp-client.action" pid=759 comm="apparmor_parser"
[   19.048986] audit: type=1400 audit(1506061003.706:12): apparmor="STATUS" operation="profile_replace" profile="unconfined" name="/usr/lib/connman/scripts/dhclient-script" pid=759 comm="apparmor_parser"
[   19.049963] audit: type=1400 audit(1506061003.710:13): apparmor="STATUS" operation="profile_replace" profile="unconfined" name="/usr/lib/connman/scripts/dhclient-script" pid=759 comm="apparmor_parser"
[   19.050298] audit: type=1400 audit(1506061003.710:14): apparmor="STATUS" operation="profile_load" profile="unconfined" name="/usr/lib/lightdm/lightdm-guest-session" pid=758 comm="apparmor_parser"
[   19.050302] audit: type=1400 audit(1506061003.710:15): apparmor="STATUS" operation="profile_load" profile="unconfined" name="/usr/lib/lightdm/lightdm-guest-session//chromium" pid=758 comm="apparmor_parser"
[   19.051214] audit: type=1400 audit(1506061003.710:16): apparmor="STATUS" operation="profile_replace" profile="unconfined" name="/usr/lib/lightdm/lightdm-guest-session//chromium" pid=758 comm="apparmor_parser"
[   19.055949] audit: type=1400 audit(1506061003.714:17): apparmor="STATUS" operation="profile_load" profile="unconfined" name="/usr/sbin/cups-browsed" pid=763 comm="apparmor_parser"
[   19.410715] init: cups main process (789) killed by HUP signal
[   19.410726] init: cups main process ended, respawning
[   19.948128] Bluetooth: Core ver 2.22
[   19.948141] NET: Registered protocol family 31
[   19.948142] Bluetooth: HCI device and connection manager initialized
[   19.948144] Bluetooth: HCI socket layer initialized
[   19.948147] Bluetooth: L2CAP socket layer initialized
[   19.948152] Bluetooth: SCO socket layer initialized
[   20.139435] Bluetooth: BNEP (Ethernet Emulation) ver 1.3
[   20.139436] Bluetooth: BNEP filters: protocol multicast
[   20.139439] Bluetooth: BNEP socket layer initialized
[   20.351627] Bluetooth: RFCOMM TTY layer initialized
[   20.351631] Bluetooth: RFCOMM socket layer initialized
[   20.351635] Bluetooth: RFCOMM ver 1.11
[   21.584273] pcnet32 0000:02:01.0 eth0: link up
[   23.421982] NET: Registered protocol family 40
[   49.805697] kauditd_printk_skb: 44 callbacks suppressed
[   49.805699] audit: type=1400 audit(1506061034.466:62): apparmor="STATUS" operation="profile_replace" info="same as current profile, skipping" profile="unconfined" name="/usr/lib/cups/backend/cups-pdf" pid=1944 comm="apparmor_parser"
[   49.805701] audit: type=1400 audit(1506061034.466:63): apparmor="STATUS" operation="profile_replace" profile="unconfined" name="/usr/sbin/cupsd" pid=1944 comm="apparmor_parser"
